Archive member included to satisfy reference by file (symbol)

c:/st/stm32cubeide_1.10.1/stm32cubeide/plugins/com.st.stm32cube.ide.mcu.externaltools.gnu-tools-for-stm32.10.3-2021.10.win32_1.0.0.202111181127/tools/bin/../lib/gcc/arm-none-eabi/10.3.1/../../../../arm-none-eabi/lib/thumb/v7e-m+fp/hard\libc_nano.a(lib_a-errno.o)
                              ./Core/Src/syscalls.o (__errno)
c:/st/stm32cubeide_1.10.1/stm32cubeide/plugins/com.st.stm32cube.ide.mcu.externaltools.gnu-tools-for-stm32.10.3-2021.10.win32_1.0.0.202111181127/tools/bin/../lib/gcc/arm-none-eabi/10.3.1/../../../../arm-none-eabi/lib/thumb/v7e-m+fp/hard\libc_nano.a(lib_a-exit.o)
                              c:/st/stm32cubeide_1.10.1/stm32cubeide/plugins/com.st.stm32cube.ide.mcu.externaltools.gnu-tools-for-stm32.10.3-2021.10.win32_1.0.0.202111181127/tools/bin/../lib/gcc/arm-none-eabi/10.3.1/../../../../arm-none-eabi/lib/thumb/v7e-m+fp/hard/crt0.o (exit)
c:/st/stm32cubeide_1.10.1/stm32cubeide/plugins/com.st.stm32cube.ide.mcu.externaltools.gnu-tools-for-stm32.10.3-2021.10.win32_1.0.0.202111181127/tools/bin/../lib/gcc/arm-none-eabi/10.3.1/../../../../arm-none-eabi/lib/thumb/v7e-m+fp/hard\libc_nano.a(lib_a-impure.o)
                              c:/st/stm32cubeide_1.10.1/stm32cubeide/plugins/com.st.stm32cube.ide.mcu.externaltools.gnu-tools-for-stm32.10.3-2021.10.win32_1.0.0.202111181127/tools/bin/../lib/gcc/arm-none-eabi/10.3.1/../../../../arm-none-eabi/lib/thumb/v7e-m+fp/hard\libc_nano.a(lib_a-exit.o) (_global_impure_ptr)
c:/st/stm32cubeide_1.10.1/stm32cubeide/plugins/com.st.stm32cube.ide.mcu.externaltools.gnu-tools-for-stm32.10.3-2021.10.win32_1.0.0.202111181127/tools/bin/../lib/gcc/arm-none-eabi/10.3.1/../../../../arm-none-eabi/lib/thumb/v7e-m+fp/hard\libc_nano.a(lib_a-init.o)
                              c:/st/stm32cubeide_1.10.1/stm32cubeide/plugins/com.st.stm32cube.ide.mcu.externaltools.gnu-tools-for-stm32.10.3-2021.10.win32_1.0.0.202111181127/tools/bin/../lib/gcc/arm-none-eabi/10.3.1/../../../../arm-none-eabi/lib/thumb/v7e-m+fp/hard/crt0.o (__libc_init_array)
c:/st/stm32cubeide_1.10.1/stm32cubeide/plugins/com.st.stm32cube.ide.mcu.externaltools.gnu-tools-for-stm32.10.3-2021.10.win32_1.0.0.202111181127/tools/bin/../lib/gcc/arm-none-eabi/10.3.1/../../../../arm-none-eabi/lib/thumb/v7e-m+fp/hard\libc_nano.a(lib_a-memset.o)
                              c:/st/stm32cubeide_1.10.1/stm32cubeide/plugins/com.st.stm32cube.ide.mcu.externaltools.gnu-tools-for-stm32.10.3-2021.10.win32_1.0.0.202111181127/tools/bin/../lib/gcc/arm-none-eabi/10.3.1/../../../../arm-none-eabi/lib/thumb/v7e-m+fp/hard/crt0.o (memset)
c:/st/stm32cubeide_1.10.1/stm32cubeide/plugins/com.st.stm32cube.ide.mcu.externaltools.gnu-tools-for-stm32.10.3-2021.10.win32_1.0.0.202111181127/tools/bin/../lib/gcc/arm-none-eabi/10.3.1/thumb/v7e-m+fp/hard\libgcc.a(_aeabi_uldivmod.o)
                              ./Drivers/STM32L4xx_HAL_Driver/Src/stm32l4xx_hal_uart.o (__aeabi_uldivmod)
c:/st/stm32cubeide_1.10.1/stm32cubeide/plugins/com.st.stm32cube.ide.mcu.externaltools.gnu-tools-for-stm32.10.3-2021.10.win32_1.0.0.202111181127/tools/bin/../lib/gcc/arm-none-eabi/10.3.1/thumb/v7e-m+fp/hard\libgcc.a(_udivmoddi4.o)
                              c:/st/stm32cubeide_1.10.1/stm32cubeide/plugins/com.st.stm32cube.ide.mcu.externaltools.gnu-tools-for-stm32.10.3-2021.10.win32_1.0.0.202111181127/tools/bin/../lib/gcc/arm-none-eabi/10.3.1/thumb/v7e-m+fp/hard\libgcc.a(_aeabi_uldivmod.o) (__udivmoddi4)
c:/st/stm32cubeide_1.10.1/stm32cubeide/plugins/com.st.stm32cube.ide.mcu.externaltools.gnu-tools-for-stm32.10.3-2021.10.win32_1.0.0.202111181127/tools/bin/../lib/gcc/arm-none-eabi/10.3.1/thumb/v7e-m+fp/hard\libgcc.a(_dvmd_tls.o)
                              c:/st/stm32cubeide_1.10.1/stm32cubeide/plugins/com.st.stm32cube.ide.mcu.externaltools.gnu-tools-for-stm32.10.3-2021.10.win32_1.0.0.202111181127/tools/bin/../lib/gcc/arm-none-eabi/10.3.1/thumb/v7e-m+fp/hard\libgcc.a(_aeabi_uldivmod.o) (__aeabi_ldiv0)

Discarded input sections

 .text          0x0000000000000000        0x0 c:/st/stm32cubeide_1.10.1/stm32cubeide/plugins/com.st.stm32cube.ide.mcu.externaltools.gnu-tools-for-stm32.10.3-2021.10.win32_1.0.0.202111181127/tools/bin/../lib/gcc/arm-none-eabi/10.3.1/thumb/v7e-m+fp/hard/crti.o
 .data          0x0000000000000000        0x0 c:/st/stm32cubeide_1.10.1/stm32cubeide/plugins/com.st.stm32cube.ide.mcu.externaltools.gnu-tools-for-stm32.10.3-2021.10.win32_1.0.0.202111181127/tools/bin/../lib/gcc/arm-none-eabi/10.3.1/thumb/v7e-m+fp/hard/crti.o
 .bss           0x0000000000000000        0x0 c:/st/stm32cubeide_1.10.1/stm32cubeide/plugins/com.st.stm32cube.ide.mcu.externaltools.gnu-tools-for-stm32.10.3-2021.10.win32_1.0.0.202111181127/tools/bin/../lib/gcc/arm-none-eabi/10.3.1/thumb/v7e-m+fp/hard/crti.o
[...]
Memory Configuration

Name             Origin             Length             Attributes
RAM              0x0000000020000000 0x0000000000050000 xrw
RAM2             0x0000000010000000 0x0000000000010000 xrw
FLASH            0x0000000008000000 0x0000000000100000 xr
*default*        0x0000000000000000 0xffffffffffffffff

Linker script and memory map

LOAD c:/st/stm32cubeide_1.10.1/stm32cubeide/plugins/com.st.stm32cube.ide.mcu.externaltools.gnu-tools-for-stm32.10.3-2021.10.win32_1.0.0.202111181127/tools/bin/../lib/gcc/arm-none-eabi/10.3.1/thumb/v7e-m+fp/hard/crti.o
LOAD c:/st/stm32cubeide_1.10.1/stm32cubeide/plugins/com.st.stm32cube.ide.mcu.externaltools.gnu-tools-for-stm32.10.3-2021.10.win32_1.0.0.202111181127/tools/bin/../lib/gcc/arm-none-eabi/10.3.1/thumb/v7e-m+fp/hard/crtbegin.o
LOAD c:/st/stm32cubeide_1.10.1/stm32cubeide/plugins/com.st.stm32cube.ide.mcu.externaltools.gnu-tools-for-stm32.10.3-2021.10.win32_1.0.0.202111181127/tools/bin/../lib/gcc/arm-none-eabi/10.3.1/../../../../arm-none-eabi/lib/thumb/v7e-m+fp/hard/crt0.o
LOAD ./Core/Src/cbus.o
LOAD ./Core/Src/functional_image_alog.o
LOAD ./Core/Src/main.o
LOAD ./Core/Src/stm32l4xx_hal_msp.o
LOAD ./Core/Src/stm32l4xx_it.o
LOAD ./Core/Src/syscalls.o
LOAD ./Core/Src/sysmem.o
LOAD ./Core/Src/system_stm32l4xx.o
LOAD ./Core/Startup/startup_stm32l4a6zgtx.o
LOAD ./Drivers/STM32L4xx_HAL_Driver/Src/stm32l4xx_hal.o
LOAD ./Drivers/STM32L4xx_HAL_Driver/Src/stm32l4xx_hal_cortex.o
LOAD ./Drivers/STM32L4xx_HAL_Driver/Src/stm32l4xx_hal_dma.o
LOAD ./Drivers/STM32L4xx_HAL_Driver/Src/stm32l4xx_hal_dma_ex.o
LOAD ./Drivers/STM32L4xx_HAL_Driver/Src/stm32l4xx_hal_exti.o
LOAD ./Drivers/STM32L4xx_HAL_Driver/Src/stm32l4xx_hal_flash.o
LOAD ./Drivers/STM32L4xx_HAL_Driver/Src/stm32l4xx_hal_flash_ex.o
LOAD ./Drivers/STM32L4xx_HAL_Driver/Src/stm32l4xx_hal_flash_ramfunc.o
LOAD ./Drivers/STM32L4xx_HAL_Driver/Src/stm32l4xx_hal_gpio.o
LOAD ./Drivers/STM32L4xx_HAL_Driver/Src/stm32l4xx_hal_i2c.o
LOAD ./Drivers/STM32L4xx_HAL_Driver/Src/stm32l4xx_hal_i2c_ex.o
LOAD ./Drivers/STM32L4xx_HAL_Driver/Src/stm32l4xx_hal_pcd.o
LOAD ./Drivers/STM32L4xx_HAL_Driver/Src/stm32l4xx_hal_pcd_ex.o
LOAD ./Drivers/STM32L4xx_HAL_Driver/Src/stm32l4xx_hal_pwr.o
LOAD ./Drivers/STM32L4xx_HAL_Driver/Src/stm32l4xx_hal_pwr_ex.o
LOAD ./Drivers/STM32L4xx_HAL_Driver/Src/stm32l4xx_hal_rcc.o
LOAD ./Drivers/STM32L4xx_HAL_Driver/Src/stm32l4xx_hal_rcc_ex.o
LOAD ./Drivers/STM32L4xx_HAL_Driver/Src/stm32l4xx_hal_spi.o
LOAD ./Drivers/STM32L4xx_HAL_Driver/Src/stm32l4xx_hal_spi_ex.o
LOAD ./Drivers/STM32L4xx_HAL_Driver/Src/stm32l4xx_hal_tim.o
LOAD ./Drivers/STM32L4xx_HAL_Driver/Src/stm32l4xx_hal_tim_ex.o
LOAD ./Drivers/STM32L4xx_HAL_Driver/Src/stm32l4xx_hal_uart.o
LOAD ./Drivers/STM32L4xx_HAL_Driver/Src/stm32l4xx_hal_uart_ex.o
LOAD ./Drivers/STM32L4xx_HAL_Driver/Src/stm32l4xx_ll_usb.o
START GROUP
LOAD c:/st/stm32cubeide_1.10.1/stm32cubeide/plugins/com.st.stm32cube.ide.mcu.externaltools.gnu-tools-for-stm32.10.3-2021.10.win32_1.0.0.202111181127/tools/bin/../lib/gcc/arm-none-eabi/10.3.1/../../../../arm-none-eabi/lib/thumb/v7e-m+fp/hard\libc_nano.a
LOAD c:/st/stm32cubeide_1.10.1/stm32cubeide/plugins/com.st.stm32cube.ide.mcu.externaltools.gnu-tools-for-stm32.10.3-2021.10.win32_1.0.0.202111181127/tools/bin/../lib/gcc/arm-none-eabi/10.3.1/../../../../arm-none-eabi/lib/thumb/v7e-m+fp/hard\libm.a
END GROUP
START GROUP
LOAD c:/st/stm32cubeide_1.10.1/stm32cubeide/plugins/com.st.stm32cube.ide.mcu.externaltools.gnu-tools-for-stm32.10.3-2021.10.win32_1.0.0.202111181127/tools/bin/../lib/gcc/arm-none-eabi/10.3.1/thumb/v7e-m+fp/hard\libgcc.a
LOAD c:/st/stm32cubeide_1.10.1/stm32cubeide/plugins/com.st.stm32cube.ide.mcu.externaltools.gnu-tools-for-stm32.10.3-2021.10.win32_1.0.0.202111181127/tools/bin/../lib/gcc/arm-none-eabi/10.3.1/../../../../arm-none-eabi/lib/thumb/v7e-m+fp/hard\libc_nano.a
END GROUP
START GROUP
LOAD c:/st/stm32cubeide_1.10.1/stm32cubeide/plugins/com.st.stm32cube.ide.mcu.externaltools.gnu-tools-for-stm32.10.3-2021.10.win32_1.0.0.202111181127/tools/bin/../lib/gcc/arm-none-eabi/10.3.1/thumb/v7e-m+fp/hard\libgcc.a
LOAD c:/st/stm32cubeide_1.10.1/stm32cubeide/plugins/com.st.stm32cube.ide.mcu.externaltools.gnu-tools-for-stm32.10.3-2021.10.win32_1.0.0.202111181127/tools/bin/../lib/gcc/arm-none-eabi/10.3.1/../../../../arm-none-eabi/lib/thumb/v7e-m+fp/hard\libc_nano.a
LOAD c:/st/stm32cubeide_1.10.1/stm32cubeide/plugins/com.st.stm32cube.ide.mcu.externaltools.gnu-tools-for-stm32.10.3-2021.10.win32_1.0.0.202111181127/tools/bin/../lib/gcc/arm-none-eabi/10.3.1/../../../../arm-none-eabi/lib/thumb/v7e-m+fp/hard\libnosys.a
END GROUP
START GROUP
LOAD c:/st/stm32cubeide_1.10.1/stm32cubeide/plugins/com.st.stm32cube.ide.mcu.externaltools.gnu-tools-for-stm32.10.3-2021.10.win32_1.0.0.202111181127/tools/bin/../lib/gcc/arm-none-eabi/10.3.1/thumb/v7e-m+fp/hard\libgcc.a
LOAD c:/st/stm32cubeide_1.10.1/stm32cubeide/plugins/com.st.stm32cube.ide.mcu.externaltools.gnu-tools-for-stm32.10.3-2021.10.win32_1.0.0.202111181127/tools/bin/../lib/gcc/arm-none-eabi/10.3.1/../../../../arm-none-eabi/lib/thumb/v7e-m+fp/hard\libc_nano.a
LOAD c:/st/stm32cubeide_1.10.1/stm32cubeide/plugins/com.st.stm32cube.ide.mcu.externaltools.gnu-tools-for-stm32.10.3-2021.10.win32_1.0.0.202111181127/tools/bin/../lib/gcc/arm-none-eabi/10.3.1/../../../../arm-none-eabi/lib/thumb/v7e-m+fp/hard\libnosys.a
END GROUP
LOAD c:/st/stm32cubeide_1.10.1/stm32cubeide/plugins/com.st.stm32cube.ide.mcu.externaltools.gnu-tools-for-stm32.10.3-2021.10.win32_1.0.0.202111181127/tools/bin/../lib/gcc/arm-none-eabi/10.3.1/thumb/v7e-m+fp/hard/crtend.o
LOAD c:/st/stm32cubeide_1.10.1/stm32cubeide/plugins/com.st.stm32cube.ide.mcu.externaltools.gnu-tools-for-stm32.10.3-2021.10.win32_1.0.0.202111181127/tools/bin/../lib/gcc/arm-none-eabi/10.3.1/thumb/v7e-m+fp/hard/crtn.o
                0x0000000020050000                _estack = (ORIGIN (RAM) + LENGTH (RAM))
                0x0000000000000200                _Min_Heap_Size = 0x200
                0x0000000000000400                _Min_Stack_Size = 0x400

.isr_vector     0x0000000008000000      0x1ac
                0x0000000008000000                . = ALIGN (0x4)
 *(.isr_vector)
 .isr_vector    0x0000000008000000      0x1ac ./Core/Startup/startup_stm32l4a6zgtx.o
                0x0000000008000000                g_pfnVectors
                0x00000000080001ac                . = ALIGN (0x4)

.text           0x00000000080001ac     0x4630
                0x00000000080001ac                . = ALIGN (0x4)
 *(.text)
 .text          0x00000000080001ac       0x40 c:/st/stm32cubeide_1.10.1/stm32cubeide/plugins/com.st.stm32cube.ide.mcu.externaltools.gnu-tools-for-stm32.10.3-2021.10.win32_1.0.0.202111181127/tools/bin/../lib/gcc/arm-none-eabi/10.3.1/thumb/v7e-m+fp/hard/crtbegin.o
 .text          0x00000000080001ec       0x30 c:/st/stm32cubeide_1.10.1/stm32cubeide/plugins/com.st.stm32cube.ide.mcu.externaltools.gnu-tools-for-stm32.10.3-2021.10.win32_1.0.0.202111181127/tools/bin/../lib/gcc/arm-none-eabi/10.3.1/thumb/v7e-m+fp/hard\libgcc.a(_aeabi_uldivmod.o)
                0x00000000080001ec                __aeabi_uldivmod
 .text          0x000000000800021c      0x2d0 c:/st/stm32cubeide_1.10.1/stm32cubeide/plugins/com.st.stm32cube.ide.mcu.externaltools.gnu-tools-for-stm32.10.3-2021.10.win32_1.0.0.202111181127/tools/bin/../lib/gcc/arm-none-eabi/10.3.1/thumb/v7e-m+fp/hard\libgcc.a(_udivmoddi4.o)
                0x000000000800021c                __udivmoddi4
 .text          0x00000000080004ec        0x4 c:/st/stm32cubeide_1.10.1/stm32cubeide/plugins/com.st.stm32cube.ide.mcu.externaltools.gnu-tools-for-stm32.10.3-2021.10.win32_1.0.0.202111181127/tools/bin/../lib/gcc/arm-none-eabi/10.3.1/thumb/v7e-m+fp/hard\libgcc.a(_dvmd_tls.o)
                0x00000000080004ec                __aeabi_idiv0
                0x00000000080004ec                __aeabi_ldiv0
 *(.text*)
 .text.CBUS_BUSY
                0x00000000080004f0       0x26 ./Core/Src/cbus.o
 .text.CBUS_RX_FIFO_NOT_EMPTY_CHECK
                0x0000000008000516       0x26 ./Core/Src/cbus.o
 .text.CBUS_SendFrame
                0x000000000800053c       0x20 ./Core/Src/cbus.o
 .text.CBUS_TX_BUFFER_EMPTY_CHECK
                0x000000000800055c       0x26 ./Core/Src/cbus.o
 .text.swap_uint16
                0x0000000008000582       0x2a ./Core/Src/cbus.o
 .text.enable_clock_gpio_spi
                0x00000000080005ac       0x2c ./Core/Src/cbus.o
                0x00000000080005ac                enable_clock_gpio_spi
 .text.set_cbus_pins
                0x00000000080005d8      0x158 ./Core/Src/cbus.o
                0x00000000080005d8                set_cbus_pins
 .text.set_spi_portg_alternate_fun6
                0x0000000008000730       0x5c ./Core/Src/cbus.o
                0x0000000008000730                set_spi_portg_alternate_fun6
 .text.CBUS_INIT
                0x000000000800078c       0x14 ./Core/Src/cbus.o
                0x000000000800078c                CBUS_INIT
 .text.CBUS_CHIP_SElECT_LOW
                0x00000000080007a0       0x20 ./Core/Src/cbus.o
                0x00000000080007a0                CBUS_CHIP_SElECT_LOW
 .text.CBUS_CHIP_SElECT_HIGH
                0x00000000080007c0       0x20 ./Core/Src/cbus.o
                0x00000000080007c0                CBUS_CHIP_SElECT_HIGH
 .text.CBUS_CHIP_SElECT_OUPUT_CODEC_HIGH
                0x00000000080007e0       0x20 ./Core/Src/cbus.o
                0x00000000080007e0                CBUS_CHIP_SElECT_OUPUT_CODEC_HIGH
 .text.Cbus_Config
                0x0000000008000800       0x8c ./Core/Src/cbus.o
                0x0000000008000800                Cbus_Config
 .text.Cbus_Write_no_data
                0x000000000800088c       0x2c ./Core/Src/cbus.o
                0x000000000800088c                Cbus_Write_no_data
 .text.CbusWriteRegister
                0x00000000080008b8       0x7e ./Core/Src/cbus.o
                0x00000000080008b8                CbusWriteRegister
 .text.Cbus_Write_Word_stream
                0x0000000008000936       0xcc ./Core/Src/cbus.o
                0x0000000008000936                Cbus_Write_Word_stream
 .text.Cbus_Read_Byte
                0x0000000008000a02       0x78 ./Core/Src/cbus.o
                0x0000000008000a02                Cbus_Read_Byte
 .text.CBUS_READ_TWO_WORDS
                0x0000000008000a7a       0xc4 ./Core/Src/cbus.o
                0x0000000008000a7a                CBUS_READ_TWO_WORDS
 *fill*         0x0000000008000b3e        0x2 
 .text.CBUS_ReceiveFrame
                0x0000000008000b40       0x2c ./Core/Src/cbus.o
                0x0000000008000b40                CBUS_ReceiveFrame
 .text.enable_codec_boot_control_gpios
                0x0000000008000b6c       0x74 ./Core/Src/functional_image_alog.o
                0x0000000008000b6c                enable_codec_boot_control_gpios
 .text.set_boot_en1_en2_high
                0x0000000008000be0       0x2c ./Core/Src/functional_image_alog.o
                0x0000000008000be0                set_boot_en1_en2_high
 .text.set_boot_en1_en2_low
                0x0000000008000c0c       0x2c ./Core/Src/functional_image_alog.o
                0x0000000008000c0c                set_boot_en1_en2_low
 .text.General_Reset_to_CMX72619
                0x0000000008000c38       0x14 ./Core/Src/functional_image_alog.o
                0x0000000008000c38                General_Reset_to_CMX72619
 .text.Read_audio_fifo_out_level_reg_for_3_device_check_word
                0x0000000008000c4c       0x4c ./Core/Src/functional_image_alog.o
                0x0000000008000c4c                Read_audio_fifo_out_level_reg_for_3_device_check_word
 .text.Write_block
                0x0000000008000c98      0x250 ./Core/Src/functional_image_alog.o
                0x0000000008000c98                Write_block
 .text.CBUS_ENABLE
                0x0000000008000ee8       0x20 ./Core/Src/main.o
 .text.main     0x0000000008000f08      0x148 ./Core/Src/main.o
                0x0000000008000f08                main
 .text.SystemClock_Config
                0x0000000008001050       0xc8 ./Core/Src/main.o
                0x0000000008001050                SystemClock_Config
 .text.MX_LPUART1_UART_Init
                0x0000000008001118       0x5c ./Core/Src/main.o
 .text.MX_SPI1_Init
                0x0000000008001174       0x7c ./Core/Src/main.o
 .text.MX_USB_OTG_FS_PCD_Init
                0x00000000080011f0       0x5c ./Core/Src/main.o
 .text.MX_GPIO_Init
                0x000000000800124c      0x130 ./Core/Src/main.o
 .text.Error_Handler
                0x000000000800137c        0xa ./Core/Src/main.o
                0x000000000800137c                Error_Handler
 *fill*         0x0000000008001386        0x2 
 .text.HAL_MspInit
                0x0000000008001388       0x48 ./Core/Src/stm32l4xx_hal_msp.o
                0x0000000008001388                HAL_MspInit
 .text.HAL_UART_MspInit
                0x00000000080013d0       0xc0 ./Core/Src/stm32l4xx_hal_msp.o
                0x00000000080013d0                HAL_UART_MspInit
 .text.HAL_SPI_MspInit
                0x0000000008001490       0x84 ./Core/Src/stm32l4xx_hal_msp.o
                0x0000000008001490                HAL_SPI_MspInit
 .text.HAL_PCD_MspInit
                0x0000000008001514      0x138 ./Core/Src/stm32l4xx_hal_msp.o
                0x0000000008001514                HAL_PCD_MspInit
 .text.NMI_Handler
                0x000000000800164c        0x6 ./Core/Src/stm32l4xx_it.o
                0x000000000800164c                NMI_Handler
 .text.HardFault_Handler
                0x0000000008001652        0x6 ./Core/Src/stm32l4xx_it.o
                0x0000000008001652                HardFault_Handler
 .text.MemManage_Handler
                0x0000000008001658        0x6 ./Core/Src/stm32l4xx_it.o
                0x0000000008001658                MemManage_Handler
 .text.BusFault_Handler
                0x000000000800165e        0x6 ./Core/Src/stm32l4xx_it.o
                0x000000000800165e                BusFault_Handler
 .text.UsageFault_Handler
                0x0000000008001664        0x6 ./Core/Src/stm32l4xx_it.o
                0x0000000008001664                UsageFault_Handler
 .text.SVC_Handler
                0x000000000800166a        0xe ./Core/Src/stm32l4xx_it.o
                0x000000000800166a                SVC_Handler
 .text.DebugMon_Handler
                0x0000000008001678        0xe ./Core/Src/stm32l4xx_it.o
                0x0000000008001678                DebugMon_Handler
 .text.PendSV_Handler
                0x0000000008001686        0xe ./Core/Src/stm32l4xx_it.o
                0x0000000008001686                PendSV_Handler
 .text.SysTick_Handler
                0x0000000008001694        0xc ./Core/Src/stm32l4xx_it.o
                0x0000000008001694                SysTick_Handler
 .text.SystemInit
                0x00000000080016a0       0x24 ./Core/Src/system_stm32l4xx.o
                0x00000000080016a0                SystemInit
 .text.Reset_Handler
                0x00000000080016c4       0x50 ./Core/Startup/startup_stm32l4a6zgtx.o
                0x00000000080016c4                Reset_Handler
 .text.Default_Handler
                0x0000000008001714        0x2 ./Core/Startup/startup_stm32l4a6zgtx.o
                0x0000000008001714                RTC_Alarm_IRQHandler
                0x0000000008001714                HASH_RNG_IRQHandler
                0x0000000008001714                EXTI2_IRQHandler
                0x0000000008001714                TIM8_TRG_COM_IRQHandler
                0x0000000008001714                TIM8_CC_IRQHandler
                0x0000000008001714                TIM1_CC_IRQHandler
                0x0000000008001714                TSC_IRQHandler
                0x0000000008001714                TAMP_STAMP_IRQHandler
                0x0000000008001714                CAN2_RX1_IRQHandler
                0x0000000008001714                EXTI3_IRQHandler
                0x0000000008001714                LPTIM2_IRQHandler
                0x0000000008001714                DFSDM1_FLT1_IRQHandler
                0x0000000008001714                I2C3_ER_IRQHandler
                0x0000000008001714                DFSDM1_FLT2_IRQHandler
                0x0000000008001714                EXTI0_IRQHandler
                0x0000000008001714                I2C2_EV_IRQHandler
                0x0000000008001714                CAN1_RX0_IRQHandler
                0x0000000008001714                FPU_IRQHandler
                0x0000000008001714                TIM1_UP_TIM16_IRQHandler
                0x0000000008001714                CAN2_SCE_IRQHandler
                0x0000000008001714                ADC1_2_IRQHandler
                0x0000000008001714                SPI1_IRQHandler
                0x0000000008001714                TIM6_DAC_IRQHandler
                0x0000000008001714                DCMI_IRQHandler
                0x0000000008001714                CAN2_RX0_IRQHandler
                0x0000000008001714                TIM8_UP_IRQHandler
                0x0000000008001714                DMA2_Channel2_IRQHandler
                0x0000000008001714                DMA1_Channel4_IRQHandler
                0x0000000008001714                SAI2_IRQHandler
                0x0000000008001714                DFSDM1_FLT3_IRQHandler
                0x0000000008001714                USART3_IRQHandler
                0x0000000008001714                DMA1_Channel7_IRQHandler
                0x0000000008001714                CAN1_RX1_IRQHandler
                0x0000000008001714                LCD_IRQHandler
                0x0000000008001714                UART5_IRQHandler
                0x0000000008001714                ADC3_IRQHandler
                0x0000000008001714                TIM4_IRQHandler
                0x0000000008001714                DMA2_Channel1_IRQHandler
                0x0000000008001714                QUADSPI_IRQHandler
                0x0000000008001714                I2C1_EV_IRQHandler
                0x0000000008001714                DMA1_Channel6_IRQHandler
                0x0000000008001714                UART4_IRQHandler
                0x0000000008001714                DMA2_Channel4_IRQHandler
                0x0000000008001714                TIM3_IRQHandler
                0x0000000008001714                RCC_IRQHandler
                0x0000000008001714                DMA1_Channel1_IRQHandler
                0x0000000008001714                Default_Handler
                0x0000000008001714                DMA2_Channel7_IRQHandler
                0x0000000008001714                EXTI15_10_IRQHandler
                0x0000000008001714                TIM7_IRQHandler
                0x0000000008001714                SDMMC1_IRQHandler
                0x0000000008001714                CAN2_TX_IRQHandler
                0x0000000008001714                TIM5_IRQHandler
                0x0000000008001714                I2C3_EV_IRQHandler
                0x0000000008001714                EXTI9_5_IRQHandler
                0x0000000008001714                RTC_WKUP_IRQHandler
                0x0000000008001714                PVD_PVM_IRQHandler
                0x0000000008001714                SPI2_IRQHandler
                0x0000000008001714                CAN1_TX_IRQHandler
                0x0000000008001714                DMA2_Channel5_IRQHandler
                0x0000000008001714                CRS_IRQHandler
                0x0000000008001714                DMA1_Channel5_IRQHandler
                0x0000000008001714                EXTI4_IRQHandler
                0x0000000008001714                TIM1_TRG_COM_TIM17_IRQHandler
                0x0000000008001714                DMA1_Channel3_IRQHandler
                0x0000000008001714                COMP_IRQHandler
                0x0000000008001714                WWDG_IRQHandler
                0x0000000008001714                I2C4_EV_IRQHandler
                0x0000000008001714                LPUART1_IRQHandler
                0x0000000008001714                DMA2_Channel6_IRQHandler
                0x0000000008001714                TIM2_IRQHandler
                0x0000000008001714                DMA2D_IRQHandler
                0x0000000008001714                EXTI1_IRQHandler
                0x0000000008001714                AES_IRQHandler
                0x0000000008001714                USART2_IRQHandler
                0x0000000008001714                DFSDM1_FLT0_IRQHandler
                0x0000000008001714                I2C2_ER_IRQHandler
                0x0000000008001714                DMA1_Channel2_IRQHandler
                0x0000000008001714                TIM8_BRK_IRQHandler
                0x0000000008001714                CAN1_SCE_IRQHandler
                0x0000000008001714                FLASH_IRQHandler
                0x0000000008001714                USART1_IRQHandler
                0x0000000008001714                OTG_FS_IRQHandler
                0x0000000008001714                SPI3_IRQHandler
                0x0000000008001714                I2C1_ER_IRQHandler
                0x0000000008001714                FMC_IRQHandler
                0x0000000008001714                SWPMI1_IRQHandler
                0x0000000008001714                LPTIM1_IRQHandler
                0x0000000008001714                I2C4_ER_IRQHandler
                0x0000000008001714                SAI1_IRQHandler
                0x0000000008001714                DMA2_Channel3_IRQHandler
                0x0000000008001714                TIM1_BRK_TIM15_IRQHandler
 .text.HAL_Init
                0x0000000008001716       0x30 ./Drivers/STM32L4xx_HAL_Driver/Src/stm32l4xx_hal.o
                0x0000000008001716                HAL_Init
 *fill*         0x0000000008001746        0x2 
 .text.HAL_InitTick
                0x0000000008001748       0x78 ./Drivers/STM32L4xx_HAL_Driver/Src/stm32l4xx_hal.o
                0x0000000008001748                HAL_InitTick
 .text.HAL_IncTick
                0x00000000080017c0       0x28 ./Drivers/STM32L4xx_HAL_Driver/Src/stm32l4xx_hal.o
                0x00000000080017c0                HAL_IncTick
 .text.HAL_GetTick
                0x00000000080017e8       0x18 ./Drivers/STM32L4xx_HAL_Driver/Src/stm32l4xx_hal.o
                0x00000000080017e8                HAL_GetTick
 .text.HAL_Delay
                0x0000000008001800       0x48 ./Drivers/STM32L4xx_HAL_Driver/Src/stm32l4xx_hal.o
                0x0000000008001800                HAL_Delay
 .text.__NVIC_SetPriorityGrouping
                0x0000000008001848       0x48 ./Drivers/STM32L4xx_HAL_Driver/Src/stm32l4xx_hal_cortex.o
 .text.__NVIC_GetPriorityGrouping
                0x0000000008001890       0x1c ./Drivers/STM32L4xx_HAL_Driver/Src/stm32l4xx_hal_cortex.o
 .text.__NVIC_SetPriority
                0x00000000080018ac       0x54 ./Drivers/STM32L4xx_HAL_Driver/Src/stm32l4xx_hal_cortex.o
 .text.NVIC_EncodePriority
                0x0000000008001900       0x66 ./Drivers/STM32L4xx_HAL_Driver/Src/stm32l4xx_hal_cortex.o
 *fill*         0x0000000008001966        0x2 
 .text.SysTick_Config
                0x0000000008001968       0x44 ./Drivers/STM32L4xx_HAL_Driver/Src/stm32l4xx_hal_cortex.o
 .text.HAL_NVIC_SetPriorityGrouping
                0x00000000080019ac       0x16 ./Drivers/STM32L4xx_HAL_Driver/Src/stm32l4xx_hal_cortex.o
                0x00000000080019ac                HAL_NVIC_SetPriorityGrouping
 .text.HAL_NVIC_SetPriority
                0x00000000080019c2       0x38 ./Drivers/STM32L4xx_HAL_Driver/Src/stm32l4xx_hal_cortex.o
                0x00000000080019c2                HAL_NVIC_SetPriority
 .text.HAL_SYSTICK_Config
                0x00000000080019fa       0x18 ./Drivers/STM32L4xx_HAL_Driver/Src/stm32l4xx_hal_cortex.o
                0x00000000080019fa                HAL_SYSTICK_Config
 *fill*         0x0000000008001a12        0x2 
 .text.HAL_GPIO_Init
                0x0000000008001a14      0x324 ./Drivers/STM32L4xx_HAL_Driver/Src/stm32l4xx_hal_gpio.o
                0x0000000008001a14                HAL_GPIO_Init
 .text.HAL_GPIO_WritePin
                0x0000000008001d38       0x30 ./Drivers/STM32L4xx_HAL_Driver/Src/stm32l4xx_hal_gpio.o
                0x0000000008001d38                HAL_GPIO_WritePin
 .text.HAL_PCD_Init
                0x0000000008001d68      0x248 ./Drivers/STM32L4xx_HAL_Driver/Src/stm32l4xx_hal_pcd.o
                0x0000000008001d68                HAL_PCD_Init
 .text.HAL_PCDEx_ActivateLPM
                0x0000000008001fb0       0x48 ./Drivers/STM32L4xx_HAL_Driver/Src/stm32l4xx_hal_pcd_ex.o
                0x0000000008001fb0                HAL_PCDEx_ActivateLPM
 .text.HAL_PWR_EnableBkUpAccess
                0x0000000008001ff8       0x20 ./Drivers/STM32L4xx_HAL_Driver/Src/stm32l4xx_hal_pwr.o
                0x0000000008001ff8                HAL_PWR_EnableBkUpAccess
 .text.HAL_PWREx_GetVoltageRange
                0x0000000008002018       0x1c ./Drivers/STM32L4xx_HAL_Driver/Src/stm32l4xx_hal_pwr_ex.o
                0x0000000008002018                HAL_PWREx_GetVoltageRange
 .text.HAL_PWREx_ControlVoltageScaling
                0x0000000008002034       0xac ./Drivers/STM32L4xx_HAL_Driver/Src/stm32l4xx_hal_pwr_ex.o
                0x0000000008002034                HAL_PWREx_ControlVoltageScaling
 .text.HAL_PWREx_EnableVddUSB
                0x00000000080020e0       0x20 ./Drivers/STM32L4xx_HAL_Driver/Src/stm32l4xx_hal_pwr_ex.o
                0x00000000080020e0                HAL_PWREx_EnableVddUSB
 .text.HAL_PWREx_EnableVddIO2
                0x0000000008002100       0x20 ./Drivers/STM32L4xx_HAL_Driver/Src/stm32l4xx_hal_pwr_ex.o
                0x0000000008002100                HAL_PWREx_EnableVddIO2
 .text.HAL_RCC_OscConfig
                0x0000000008002120      0x834 ./Drivers/STM32L4xx_HAL_Driver/Src/stm32l4xx_hal_rcc.o
                0x0000000008002120                HAL_RCC_OscConfig
 .text.HAL_RCC_ClockConfig
                0x0000000008002954      0x200 ./Drivers/STM32L4xx_HAL_Driver/Src/stm32l4xx_hal_rcc.o
                0x0000000008002954                HAL_RCC_ClockConfig
 .text.HAL_RCC_GetSysClockFreq
                0x0000000008002b54      0x118 ./Drivers/STM32L4xx_HAL_Driver/Src/stm32l4xx_hal_rcc.o
                0x0000000008002b54                HAL_RCC_GetSysClockFreq
 .text.HAL_RCC_GetHCLKFreq
                0x0000000008002c6c       0x18 ./Drivers/STM32L4xx_HAL_Driver/Src/stm32l4xx_hal_rcc.o
                0x0000000008002c6c                HAL_RCC_GetHCLKFreq
 .text.HAL_RCC_GetPCLK1Freq
                0x0000000008002c84       0x2c ./Drivers/STM32L4xx_HAL_Driver/Src/stm32l4xx_hal_rcc.o
                0x0000000008002c84                HAL_RCC_GetPCLK1Freq
 .text.HAL_RCC_GetPCLK2Freq
                0x0000000008002cb0       0x2c ./Drivers/STM32L4xx_HAL_Driver/Src/stm32l4xx_hal_rcc.o
                0x0000000008002cb0                HAL_RCC_GetPCLK2Freq
 .text.RCC_SetFlashLatencyFromMSIRange
                0x0000000008002cdc       0xc0 ./Drivers/STM32L4xx_HAL_Driver/Src/stm32l4xx_hal_rcc.o
 .text.HAL_RCCEx_PeriphCLKConfig
                0x0000000008002d9c      0x5f8 ./Drivers/STM32L4xx_HAL_Driver/Src/stm32l4xx_hal_rcc_ex.o
                0x0000000008002d9c                HAL_RCCEx_PeriphCLKConfig
 .text.HAL_RCCEx_EnableMSIPLLMode
                0x0000000008003394       0x20 ./Drivers/STM32L4xx_HAL_Driver/Src/stm32l4xx_hal_rcc_ex.o
                0x0000000008003394                HAL_RCCEx_EnableMSIPLLMode
 .text.RCCEx_PLLSAI1_Config
                0x00000000080033b4      0x1e4 ./Drivers/STM32L4xx_HAL_Driver/Src/stm32l4xx_hal_rcc_ex.o
 .text.RCCEx_PLLSAI2_Config
                0x0000000008003598      0x1b8 ./Drivers/STM32L4xx_HAL_Driver/Src/stm32l4xx_hal_rcc_ex.o
 .text.HAL_SPI_Init
                0x0000000008003750      0x146 ./Drivers/STM32L4xx_HAL_Driver/Src/stm32l4xx_hal_spi.o
                0x0000000008003750                HAL_SPI_Init
 .text.HAL_UART_Init
                0x0000000008003896       0x9c ./Drivers/STM32L4xx_HAL_Driver/Src/stm32l4xx_hal_uart.o
                0x0000000008003896                HAL_UART_Init
 *fill*         0x0000000008003932        0x2 
 .text.UART_SetConfig
                0x0000000008003934      0x570 ./Drivers/STM32L4xx_HAL_Driver/Src/stm32l4xx_hal_uart.o
                0x0000000008003934                UART_SetConfig
 .text.UART_AdvFeatureConfig
                0x0000000008003ea4      0x144 ./Drivers/STM32L4xx_HAL_Driver/Src/stm32l4xx_hal_uart.o
                0x0000000008003ea4                UART_AdvFeatureConfig
 .text.UART_CheckIdleState
                0x0000000008003fe8       0x92 ./Drivers/STM32L4xx_HAL_Driver/Src/stm32l4xx_hal_uart.o
                0x0000000008003fe8                UART_CheckIdleState
 .text.UART_WaitOnFlagUntilTimeout
                0x000000000800407a      0x188 ./Drivers/STM32L4xx_HAL_Driver/Src/stm32l4xx_hal_uart.o
                0x000000000800407a                UART_WaitOnFlagUntilTimeout
 .text.USB_CoreInit
                0x0000000008004202       0x58 ./Drivers/STM32L4xx_HAL_Driver/Src/stm32l4xx_ll_usb.o
                0x0000000008004202                USB_CoreInit
 .text.USB_DisableGlobalInt
                0x000000000800425a       0x22 ./Drivers/STM32L4xx_HAL_Driver/Src/stm32l4xx_ll_usb.o
                0x000000000800425a                USB_DisableGlobalInt
 .text.USB_SetCurrentMode
                0x000000000800427c       0x98 ./Drivers/STM32L4xx_HAL_Driver/Src/stm32l4xx_ll_usb.o
                0x000000000800427c                USB_SetCurrentMode
 .text.USB_DevInit
                0x0000000008004314      0x298 ./Drivers/STM32L4xx_HAL_Driver/Src/stm32l4xx_ll_usb.o
                0x0000000008004314                USB_DevInit
 .text.USB_FlushTxFifo
                0x00000000080045ac       0x68 ./Drivers/STM32L4xx_HAL_Driver/Src/stm32l4xx_ll_usb.o
                0x00000000080045ac                USB_FlushTxFifo
 .text.USB_FlushRxFifo
                0x0000000008004614       0x60 ./Drivers/STM32L4xx_HAL_Driver/Src/stm32l4xx_ll_usb.o
                0x0000000008004614                USB_FlushRxFifo
 .text.USB_SetDevSpeed
                0x0000000008004674       0x32 ./Drivers/STM32L4xx_HAL_Driver/Src/stm32l4xx_ll_usb.o
                0x0000000008004674                USB_SetDevSpeed
 .text.USB_DevDisconnect
                0x00000000080046a6       0x42 ./Drivers/STM32L4xx_HAL_Driver/Src/stm32l4xx_ll_usb.o
                0x00000000080046a6                USB_DevDisconnect
 .text.USB_GetMode
                0x00000000080046e8       0x1c ./Drivers/STM32L4xx_HAL_Driver/Src/stm32l4xx_ll_usb.o
                0x00000000080046e8                USB_GetMode
 .text.USB_CoreReset
                0x0000000008004704       0x68 ./Drivers/STM32L4xx_HAL_Driver/Src/stm32l4xx_ll_usb.o
 .text.__libc_init_array
                0x000000000800476c       0x48 c:/st/stm32cubeide_1.10.1/stm32cubeide/plugins/com.st.stm32cube.ide.mcu.externaltools.gnu-tools-for-stm32.10.3-2021.10.win32_1.0.0.202111181127/tools/bin/../lib/gcc/arm-none-eabi/10.3.1/../../../../arm-none-eabi/lib/thumb/v7e-m+fp/hard\libc_nano.a(lib_a-init.o)
                0x000000000800476c                __libc_init_array
 .text.memset   0x00000000080047b4       0x10 c:/st/stm32cubeide_1.10.1/stm32cubeide/plugins/com.st.stm32cube.ide.mcu.externaltools.gnu-tools-for-stm32.10.3-2021.10.win32_1.0.0.202111181127/tools/bin/../lib/gcc/arm-none-eabi/10.3.1/../../../../arm-none-eabi/lib/thumb/v7e-m+fp/hard\libc_nano.a(lib_a-memset.o)
                0x00000000080047b4                memset
 *(.glue_7)
 .glue_7        0x00000000080047c4        0x0 linker stubs
 *(.glue_7t)
 .glue_7t       0x00000000080047c4        0x0 linker stubs
 *(.eh_frame)
 .eh_frame      0x00000000080047c4        0x0 c:/st/stm32cubeide_1.10.1/stm32cubeide/plugins/com.st.stm32cube.ide.mcu.externaltools.gnu-tools-for-stm32.10.3-2021.10.win32_1.0.0.202111181127/tools/bin/../lib/gcc/arm-none-eabi/10.3.1/thumb/v7e-m+fp/hard/crtbegin.o
 *(.init)
 .init          0x00000000080047c4        0x4 c:/st/stm32cubeide_1.10.1/stm32cubeide/plugins/com.st.stm32cube.ide.mcu.externaltools.gnu-tools-for-stm32.10.3-2021.10.win32_1.0.0.202111181127/tools/bin/../lib/gcc/arm-none-eabi/10.3.1/thumb/v7e-m+fp/hard/crti.o
                0x00000000080047c4                _init
 .init          0x00000000080047c8        0x8 c:/st/stm32cubeide_1.10.1/stm32cubeide/plugins/com.st.stm32cube.ide.mcu.externaltools.gnu-tools-for-stm32.10.3-2021.10.win32_1.0.0.202111181127/tools/bin/../lib/gcc/arm-none-eabi/10.3.1/thumb/v7e-m+fp/hard/crtn.o
 *(.fini)
 .fini          0x00000000080047d0        0x4 c:/st/stm32cubeide_1.10.1/stm32cubeide/plugins/com.st.stm32cube.ide.mcu.externaltools.gnu-tools-for-stm32.10.3-2021.10.win32_1.0.0.202111181127/tools/bin/../lib/gcc/arm-none-eabi/10.3.1/thumb/v7e-m+fp/hard/crti.o
                0x00000000080047d0                _fini
 .fini          0x00000000080047d4        0x8 c:/st/stm32cubeide_1.10.1/stm32cubeide/plugins/com.st.stm32cube.ide.mcu.externaltools.gnu-tools-for-stm32.10.3-2021.10.win32_1.0.0.202111181127/tools/bin/../lib/gcc/arm-none-eabi/10.3.1/thumb/v7e-m+fp/hard/crtn.o
                0x00000000080047dc                . = ALIGN (0x4)
                0x00000000080047dc                _etext = .

.vfp11_veneer   0x00000000080047dc        0x0
 .vfp11_veneer  0x00000000080047dc        0x0 linker stubs

.v4_bx          0x00000000080047dc        0x0
 .v4_bx         0x00000000080047dc        0x0 linker stubs

.iplt           0x00000000080047dc        0x0
 .iplt          0x00000000080047dc        0x0 c:/st/stm32cubeide_1.10.1/stm32cubeide/plugins/com.st.stm32cube.ide.mcu.externaltools.gnu-tools-for-stm32.10.3-2021.10.win32_1.0.0.202111181127/tools/bin/../lib/gcc/arm-none-eabi/10.3.1/thumb/v7e-m+fp/hard/crtbegin.o

.rodata         0x00000000080047dc       0x54
                0x00000000080047dc                . = ALIGN (0x4)
 *(.rodata)
 .rodata        0x00000000080047dc        0x9 ./Core/Src/main.o
 *(.rodata*)
 *fill*         0x00000000080047e5        0x3 
 .rodata.AHBPrescTable
                0x00000000080047e8       0x10 ./Core/Src/system_stm32l4xx.o
                0x00000000080047e8                AHBPrescTable
 .rodata.APBPrescTable
                0x00000000080047f8        0x8 ./Core/Src/system_stm32l4xx.o
                0x00000000080047f8                APBPrescTable
 .rodata.MSIRangeTable
                0x0000000008004800       0x30 ./Core/Src/system_stm32l4xx.o
                0x0000000008004800                MSIRangeTable
                0x0000000008004830                . = ALIGN (0x4)

.ARM.extab      0x0000000008004830        0x0
                0x0000000008004830                . = ALIGN (0x4)
 *(.ARM.extab* .gnu.linkonce.armextab.*)
                0x0000000008004830                . = ALIGN (0x4)

.ARM            0x0000000008004830        0x8
                0x0000000008004830                . = ALIGN (0x4)
                0x0000000008004830                __exidx_start = .
 *(.ARM.exidx*)
 .ARM.exidx     0x0000000008004830        0x8 c:/st/stm32cubeide_1.10.1/stm32cubeide/plugins/com.st.stm32cube.ide.mcu.externaltools.gnu-tools-for-stm32.10.3-2021.10.win32_1.0.0.202111181127/tools/bin/../lib/gcc/arm-none-eabi/10.3.1/thumb/v7e-m+fp/hard\libgcc.a(_udivmoddi4.o)
                0x0000000008004838                __exidx_end = .
                0x0000000008004838                . = ALIGN (0x4)

.rel.dyn        0x0000000008004838        0x0
 .rel.iplt      0x0000000008004838        0x0 c:/st/stm32cubeide_1.10.1/stm32cubeide/plugins/com.st.stm32cube.ide.mcu.externaltools.gnu-tools-for-stm32.10.3-2021.10.win32_1.0.0.202111181127/tools/bin/../lib/gcc/arm-none-eabi/10.3.1/thumb/v7e-m+fp/hard/crtbegin.o

.preinit_array  0x0000000008004838        0x0
                0x0000000008004838                . = ALIGN (0x4)
                0x0000000008004838                PROVIDE (__preinit_array_start = .)
 *(.preinit_array*)
                0x0000000008004838                PROVIDE (__preinit_array_end = .)
                0x0000000008004838                . = ALIGN (0x4)

.init_array     0x0000000008004838        0x4
                0x0000000008004838                . = ALIGN (0x4)
                0x0000000008004838                PROVIDE (__init_array_start = .)
 *(SORT_BY_NAME(.init_array.*))
 *(.init_array*)
 .init_array    0x0000000008004838        0x4 c:/st/stm32cubeide_1.10.1/stm32cubeide/plugins/com.st.stm32cube.ide.mcu.externaltools.gnu-tools-for-stm32.10.3-2021.10.win32_1.0.0.202111181127/tools/bin/../lib/gcc/arm-none-eabi/10.3.1/thumb/v7e-m+fp/hard/crtbegin.o
                0x000000000800483c                PROVIDE (__init_array_end = .)
                0x000000000800483c                . = ALIGN (0x4)

.fini_array     0x000000000800483c        0x4
                0x000000000800483c                . = ALIGN (0x4)
                [!provide]                        PROVIDE (__fini_array_start = .)
 *(SORT_BY_NAME(.fini_array.*))
 *(.fini_array*)
 .fini_array    0x000000000800483c        0x4 c:/st/stm32cubeide_1.10.1/stm32cubeide/plugins/com.st.stm32cube.ide.mcu.externaltools.gnu-tools-for-stm32.10.3-2021.10.win32_1.0.0.202111181127/tools/bin/../lib/gcc/arm-none-eabi/10.3.1/thumb/v7e-m+fp/hard/crtbegin.o
                [!provide]                        PROVIDE (__fini_array_end = .)
                0x0000000008004840                . = ALIGN (0x4)
                0x0000000008004840                _sidata = LOADADDR (.data)

.data           0x0000000020000000    0x1750c load address 0x0000000008004840
                0x0000000020000000                . = ALIGN (0x4)
                0x0000000020000000                _sdata = .
 *(.data)
 *(.data*)
 .data.db1      0x0000000020000000    0x144e0 ./Core/Src/functional_image_alog.o
                0x0000000020000000                db1
 .data.db2      0x00000000200144e0     0x3020 ./Core/Src/functional_image_alog.o
                0x00000000200144e0                db2
 .data.SystemCoreClock
                0x0000000020017500        0x4 ./Core/Src/system_stm32l4xx.o
                0x0000000020017500                SystemCoreClock
 .data.uwTickPrio
                0x0000000020017504        0x4 ./Drivers/STM32L4xx_HAL_Driver/Src/stm32l4xx_hal.o
                0x0000000020017504                uwTickPrio
 .data.uwTickFreq
                0x0000000020017508        0x1 ./Drivers/STM32L4xx_HAL_Driver/Src/stm32l4xx_hal.o
                0x0000000020017508                uwTickFreq
 *(.RamFunc)
 *(.RamFunc*)
                0x000000002001750c                . = ALIGN (0x4)
 *fill*         0x0000000020017509        0x3 
                0x000000002001750c                _edata = .

.igot.plt       0x000000002001750c        0x0 load address 0x000000000801bd4c
 .igot.plt      0x000000002001750c        0x0 c:/st/stm32cubeide_1.10.1/stm32cubeide/plugins/com.st.stm32cube.ide.mcu.externaltools.gnu-tools-for-stm32.10.3-2021.10.win32_1.0.0.202111181127/tools/bin/../lib/gcc/arm-none-eabi/10.3.1/thumb/v7e-m+fp/hard/crtbegin.o
                0x000000002001750c                . = ALIGN (0x4)

.bss            0x000000002001750c      0x618 load address 0x000000000801bd4c
                0x000000002001750c                _sbss = .
                0x000000002001750c                __bss_start__ = _sbss
 *(.bss)
 .bss           0x000000002001750c       0x1c c:/st/stm32cubeide_1.10.1/stm32cubeide/plugins/com.st.stm32cube.ide.mcu.externaltools.gnu-tools-for-stm32.10.3-2021.10.win32_1.0.0.202111181127/tools/bin/../lib/gcc/arm-none-eabi/10.3.1/thumb/v7e-m+fp/hard/crtbegin.o
 *(.bss*)
 .bss.RX_data.0
                0x0000000020017528        0x2 ./Core/Src/cbus.o
 *fill*         0x000000002001752a        0x2 
 .bss.hlpuart1  0x000000002001752c       0x84 ./Core/Src/main.o
                0x000000002001752c                hlpuart1
 .bss.hspi1     0x00000000200175b0       0x64 ./Core/Src/main.o
                0x00000000200175b0                hspi1
 .bss.hpcd_USB_OTG_FS
                0x0000000020017614      0x50c ./Core/Src/main.o
                0x0000000020017614                hpcd_USB_OTG_FS
 .bss.uwTick    0x0000000020017b20        0x4 ./Drivers/STM32L4xx_HAL_Driver/Src/stm32l4xx_hal.o
                0x0000000020017b20                uwTick
 *(COMMON)
                0x0000000020017b24                . = ALIGN (0x4)
                0x0000000020017b24                _ebss = .
                0x0000000020017b24                __bss_end__ = _ebss

._user_heap_stack
                0x0000000020017b24      0x604 load address 0x000000000801bd4c
                0x0000000020017b28                . = ALIGN (0x8)
 *fill*         0x0000000020017b24        0x4 
                [!provide]                        PROVIDE (end = .)
                0x0000000020017b28                PROVIDE (_end = .)
                0x0000000020017d28                . = (. + _Min_Heap_Size)
 *fill*         0x0000000020017b28      0x200 
                0x0000000020018128                . = (. + _Min_Stack_Size)
 *fill*         0x0000000020017d28      0x400 
                0x0000000020018128                . = ALIGN (0x8)

/DISCARD/
 libc.a(*)
 libm.a(*)
 libgcc.a(*)

.ARM.attributes
                0x0000000000000000       0x30
 *(.ARM.attributes)
 .ARM.attributes
                0x0000000000000000       0x1e c:/st/stm32cubeide_1.10.1/stm32cubeide/plugins/com.st.stm32cube.ide.mcu.externaltools.gnu-tools-for-stm32.10.3-2021.10.win32_1.0.0.202111181127/tools/bin/../lib/gcc/arm-none-eabi/10.3.1/thumb/v7e-m+fp/hard/crti.o
 .ARM.attributes
                0x000000000000001e       0x34 c:/st/stm32cubeide_1.10.1/stm32cubeide/plugins/com.st.stm32cube.ide.mcu.externaltools.gnu-tools-for-stm32.10.3-2021.10.win32_1.0.0.202111181127/tools/bin/../lib/gcc/arm-none-eabi/10.3.1/thumb/v7e-m+fp/hard/crtbegin.o
 .ARM.attributes
                0x0000000000000052       0x34 ./Core/Src/cbus.o
 .ARM.attributes
                0x0000000000000086       0x34 ./Core/Src/functional_image_alog.o
 .ARM.attributes
                0x00000000000000ba       0x34 ./Core/Src/main.o
 .ARM.attributes
                0x00000000000000ee       0x34 ./Core/Src/stm32l4xx_hal_msp.o
 .ARM.attributes
                0x0000000000000122       0x34 ./Core/Src/stm32l4xx_it.o
 .ARM.attributes
                0x0000000000000156       0x34 ./Core/Src/system_stm32l4xx.o
 .ARM.attributes
                0x000000000000018a       0x21 ./Core/Startup/startup_stm32l4a6zgtx.o
 .ARM.attributes
                0x00000000000001ab       0x34 ./Drivers/STM32L4xx_HAL_Driver/Src/stm32l4xx_hal.o
 .ARM.attributes
                0x00000000000001df       0x34 ./Drivers/STM32L4xx_HAL_Driver/Src/stm32l4xx_hal_cortex.o
 .ARM.attributes
                0x0000000000000213       0x34 ./Drivers/STM32L4xx_HAL_Driver/Src/stm32l4xx_hal_gpio.o
 .ARM.attributes
                0x0000000000000247       0x34 ./Drivers/STM32L4xx_HAL_Driver/Src/stm32l4xx_hal_pcd.o
 .ARM.attributes
                0x000000000000027b       0x34 ./Drivers/STM32L4xx_HAL_Driver/Src/stm32l4xx_hal_pcd_ex.o
 .ARM.attributes
                0x00000000000002af       0x34 ./Drivers/STM32L4xx_HAL_Driver/Src/stm32l4xx_hal_pwr.o
 .ARM.attributes
                0x00000000000002e3       0x34 ./Drivers/STM32L4xx_HAL_Driver/Src/stm32l4xx_hal_pwr_ex.o
 .ARM.attributes
                0x0000000000000317       0x34 ./Drivers/STM32L4xx_HAL_Driver/Src/stm32l4xx_hal_rcc.o
 .ARM.attributes
                0x000000000000034b       0x34 ./Drivers/STM32L4xx_HAL_Driver/Src/stm32l4xx_hal_rcc_ex.o
 .ARM.attributes
                0x000000000000037f       0x34 ./Drivers/STM32L4xx_HAL_Driver/Src/stm32l4xx_hal_spi.o
 .ARM.attributes
                0x00000000000003b3       0x34 ./Drivers/STM32L4xx_HAL_Driver/Src/stm32l4xx_hal_uart.o
 .ARM.attributes
                0x00000000000003e7       0x34 ./Drivers/STM32L4xx_HAL_Driver/Src/stm32l4xx_ll_usb.o
 .ARM.attributes
                0x000000000000041b       0x34 c:/st/stm32cubeide_1.10.1/stm32cubeide/plugins/com.st.stm32cube.ide.mcu.externaltools.gnu-tools-for-stm32.10.3-2021.10.win32_1.0.0.202111181127/tools/bin/../lib/gcc/arm-none-eabi/10.3.1/../../../../arm-none-eabi/lib/thumb/v7e-m+fp/hard\libc_nano.a(lib_a-init.o)
 .ARM.attributes
                0x000000000000044f       0x34 c:/st/stm32cubeide_1.10.1/stm32cubeide/plugins/com.st.stm32cube.ide.mcu.externaltools.gnu-tools-for-stm32.10.3-2021.10.win32_1.0.0.202111181127/tools/bin/../lib/gcc/arm-none-eabi/10.3.1/../../../../arm-none-eabi/lib/thumb/v7e-m+fp/hard\libc_nano.a(lib_a-memset.o)
 .ARM.attributes
                0x0000000000000483       0x1e c:/st/stm32cubeide_1.10.1/stm32cubeide/plugins/com.st.stm32cube.ide.mcu.externaltools.gnu-tools-for-stm32.10.3-2021.10.win32_1.0.0.202111181127/tools/bin/../lib/gcc/arm-none-eabi/10.3.1/thumb/v7e-m+fp/hard\libgcc.a(_aeabi_uldivmod.o)
 .ARM.attributes
                0x00000000000004a1       0x34 c:/st/stm32cubeide_1.10.1/stm32cubeide/plugins/com.st.stm32cube.ide.mcu.externaltools.gnu-tools-for-stm32.10.3-2021.10.win32_1.0.0.202111181127/tools/bin/../lib/gcc/arm-none-eabi/10.3.1/thumb/v7e-m+fp/hard\libgcc.a(_udivmoddi4.o)
 .ARM.attributes
                0x00000000000004d5       0x1e c:/st/stm32cubeide_1.10.1/stm32cubeide/plugins/com.st.stm32cube.ide.mcu.externaltools.gnu-tools-for-stm32.10.3-2021.10.win32_1.0.0.202111181127/tools/bin/../lib/gcc/arm-none-eabi/10.3.1/thumb/v7e-m+fp/hard\libgcc.a(_dvmd_tls.o)
 .ARM.attributes
                0x00000000000004f3       0x1e c:/st/stm32cubeide_1.10.1/stm32cubeide/plugins/com.st.stm32cube.ide.mcu.externaltools.gnu-tools-for-stm32.10.3-2021.10.win32_1.0.0.202111181127/tools/bin/../lib/gcc/arm-none-eabi/10.3.1/thumb/v7e-m+fp/hard/crtn.o
OUTPUT(spi_cbus.elf elf32-littlearm)
LOAD linker stubs
LOAD c:/st/stm32cubeide_1.10.1/stm32cubeide/plugins/com.st.stm32cube.ide.mcu.externaltools.gnu-tools-for-stm32.10.3-2021.10.win32_1.0.0.202111181127/tools/bin/../lib/gcc/arm-none-eabi/10.3.1/../../../../arm-none-eabi/lib/thumb/v7e-m+fp/hard\libc.a
LOAD c:/st/stm32cubeide_1.10.1/stm32cubeide/plugins/com.st.stm32cube.ide.mcu.externaltools.gnu-tools-for-stm32.10.3-2021.10.win32_1.0.0.202111181127/tools/bin/../lib/gcc/arm-none-eabi/10.3.1/../../../../arm-none-eabi/lib/thumb/v7e-m+fp/hard\libm.a
LOAD c:/st/stm32cubeide_1.10.1/stm32cubeide/plugins/com.st.stm32cube.ide.mcu.externaltools.gnu-tools-for-stm32.10.3-2021.10.win32_1.0.0.202111181127/tools/bin/../lib/gcc/arm-none-eabi/10.3.1/thumb/v7e-m+fp/hard\libgcc.a

.debug_info     0x0000000000000000    0x125dd
 .debug_info    0x0000000000000000      0x9e6 ./Core/Src/cbus.o
 .debug_info    0x00000000000009e6      0x447 ./Core/Src/functional_image_alog.o
 .debug_info    0x0000000000000e2d     0x1795 ./Core/Src/main.o
 .debug_info    0x00000000000025c2     0x1692 ./Core/Src/stm32l4xx_hal_msp.o
 .debug_info    0x0000000000003c54      0x122 ./Core/Src/stm32l4xx_it.o
 .debug_info    0x0000000000003d76      0x5e2 ./Core/Src/system_stm32l4xx.o
 .debug_info    0x0000000000004358       0x22 ./Core/Startup/startup_stm32l4a6zgtx.o
 .debug_info    0x000000000000437a      0xb9b ./Drivers/STM32L4xx_HAL_Driver/Src/stm32l4xx_hal.o
 .debug_info    0x0000000000004f15      0xe5d ./Drivers/STM32L4xx_HAL_Driver/Src/stm32l4xx_hal_cortex.o
 .debug_info    0x0000000000005d72      0x83d ./Drivers/STM32L4xx_HAL_Driver/Src/stm32l4xx_hal_gpio.o
 .debug_info    0x00000000000065af     0x1609 ./Drivers/STM32L4xx_HAL_Driver/Src/stm32l4xx_hal_pcd.o
 .debug_info    0x0000000000007bb8      0x8e6 ./Drivers/STM32L4xx_HAL_Driver/Src/stm32l4xx_hal_pcd_ex.o
 .debug_info    0x000000000000849e      0x988 ./Drivers/STM32L4xx_HAL_Driver/Src/stm32l4xx_hal_pwr.o
 .debug_info    0x0000000000008e26      0x9e6 ./Drivers/STM32L4xx_HAL_Driver/Src/stm32l4xx_hal_pwr_ex.o
 .debug_info    0x000000000000980c      0xd17 ./Drivers/STM32L4xx_HAL_Driver/Src/stm32l4xx_hal_rcc.o
 .debug_info    0x000000000000a523     0x1148 ./Drivers/STM32L4xx_HAL_Driver/Src/stm32l4xx_hal_rcc_ex.o
 .debug_info    0x000000000000b66b     0x1782 ./Drivers/STM32L4xx_HAL_Driver/Src/stm32l4xx_hal_spi.o
 .debug_info    0x000000000000cded     0x3d2a ./Drivers/STM32L4xx_HAL_Driver/Src/stm32l4xx_hal_uart.o
 .debug_info    0x0000000000010b17     0x1ac6 ./Drivers/STM32L4xx_HAL_Driver/Src/stm32l4xx_ll_usb.o

.debug_abbrev   0x0000000000000000     0x27d3
 .debug_abbrev  0x0000000000000000      0x236 ./Core/Src/cbus.o
 .debug_abbrev  0x0000000000000236      0x1a4 ./Core/Src/functional_image_alog.o
 .debug_abbrev  0x00000000000003da      0x346 ./Core/Src/main.o
 .debug_abbrev  0x0000000000000720      0x256 ./Core/Src/stm32l4xx_hal_msp.o
 .debug_abbrev  0x0000000000000976       0x74 ./Core/Src/stm32l4xx_it.o
 .debug_abbrev  0x00000000000009ea      0x116 ./Core/Src/system_stm32l4xx.o
 .debug_abbrev  0x0000000000000b00       0x12 ./Core/Startup/startup_stm32l4a6zgtx.o
 .debug_abbrev  0x0000000000000b12      0x23a ./Drivers/STM32L4xx_HAL_Driver/Src/stm32l4xx_hal.o
 .debug_abbrev  0x0000000000000d4c      0x316 ./Drivers/STM32L4xx_HAL_Driver/Src/stm32l4xx_hal_cortex.o
 .debug_abbrev  0x0000000000001062      0x1bb ./Drivers/STM32L4xx_HAL_Driver/Src/stm32l4xx_hal_gpio.o
 .debug_abbrev  0x000000000000121d      0x2b4 ./Drivers/STM32L4xx_HAL_Driver/Src/stm32l4xx_hal_pcd.o
 .debug_abbrev  0x00000000000014d1      0x24a ./Drivers/STM32L4xx_HAL_Driver/Src/stm32l4xx_hal_pcd_ex.o
 .debug_abbrev  0x000000000000171b      0x1c9 ./Drivers/STM32L4xx_HAL_Driver/Src/stm32l4xx_hal_pwr.o
 .debug_abbrev  0x00000000000018e4      0x1f3 ./Drivers/STM32L4xx_HAL_Driver/Src/stm32l4xx_hal_pwr_ex.o
 .debug_abbrev  0x0000000000001ad7      0x2bd ./Drivers/STM32L4xx_HAL_Driver/Src/stm32l4xx_hal_rcc.o
 .debug_abbrev  0x0000000000001d94      0x299 ./Drivers/STM32L4xx_HAL_Driver/Src/stm32l4xx_hal_rcc_ex.o
 .debug_abbrev  0x000000000000202d      0x254 ./Drivers/STM32L4xx_HAL_Driver/Src/stm32l4xx_hal_spi.o
 .debug_abbrev  0x0000000000002281      0x2bc ./Drivers/STM32L4xx_HAL_Driver/Src/stm32l4xx_hal_uart.o
 .debug_abbrev  0x000000000000253d      0x296 ./Drivers/STM32L4xx_HAL_Driver/Src/stm32l4xx_ll_usb.o

.debug_aranges  0x0000000000000000      0xfd0
 .debug_aranges
                0x0000000000000000       0xc0 ./Core/Src/cbus.o
 .debug_aranges
                0x00000000000000c0       0x50 ./Core/Src/functional_image_alog.o
 .debug_aranges
                0x0000000000000110       0x68 ./Core/Src/main.o
 .debug_aranges
                0x0000000000000178       0x50 ./Core/Src/stm32l4xx_hal_msp.o
 .debug_aranges
                0x00000000000001c8       0x60 ./Core/Src/stm32l4xx_it.o
 .debug_aranges
                0x0000000000000228       0x28 ./Core/Src/system_stm32l4xx.o
 .debug_aranges
                0x0000000000000250       0x28 ./Core/Startup/startup_stm32l4a6zgtx.o
 .debug_aranges
                0x0000000000000278      0x130 ./Drivers/STM32L4xx_HAL_Driver/Src/stm32l4xx_hal.o
 .debug_aranges
                0x00000000000003a8      0x118 ./Drivers/STM32L4xx_HAL_Driver/Src/stm32l4xx_hal_cortex.o
 .debug_aranges
                0x00000000000004c0       0x58 ./Drivers/STM32L4xx_HAL_Driver/Src/stm32l4xx_hal_gpio.o
 .debug_aranges
                0x0000000000000518      0x138 ./Drivers/STM32L4xx_HAL_Driver/Src/stm32l4xx_hal_pcd.o
 .debug_aranges
                0x0000000000000650       0x60 ./Drivers/STM32L4xx_HAL_Driver/Src/stm32l4xx_hal_pcd_ex.o
 .debug_aranges
                0x00000000000006b0       0x98 ./Drivers/STM32L4xx_HAL_Driver/Src/stm32l4xx_hal_pwr.o
 .debug_aranges
                0x0000000000000748      0x150 ./Drivers/STM32L4xx_HAL_Driver/Src/stm32l4xx_hal_pwr_ex.o
 .debug_aranges
                0x0000000000000898       0x90 ./Drivers/STM32L4xx_HAL_Driver/Src/stm32l4xx_hal_rcc.o
 .debug_aranges
                0x0000000000000928      0x108 ./Drivers/STM32L4xx_HAL_Driver/Src/stm32l4xx_hal_rcc_ex.o
 .debug_aranges
                0x0000000000000a30      0x1d8 ./Drivers/STM32L4xx_HAL_Driver/Src/stm32l4xx_hal_spi.o
 .debug_aranges
                0x0000000000000c08      0x228 ./Drivers/STM32L4xx_HAL_Driver/Src/stm32l4xx_hal_uart.o
 .debug_aranges
                0x0000000000000e30      0x1a0 ./Drivers/STM32L4xx_HAL_Driver/Src/stm32l4xx_ll_usb.o

.debug_ranges   0x0000000000000000      0xed8
 .debug_ranges  0x0000000000000000       0xb0 ./Core/Src/cbus.o
 .debug_ranges  0x00000000000000b0       0x40 ./Core/Src/functional_image_alog.o
 .debug_ranges  0x00000000000000f0       0x58 ./Core/Src/main.o
 .debug_ranges  0x0000000000000148       0x40 ./Core/Src/stm32l4xx_hal_msp.o
 .debug_ranges  0x0000000000000188       0x50 ./Core/Src/stm32l4xx_it.o
 .debug_ranges  0x00000000000001d8       0x18 ./Core/Src/system_stm32l4xx.o
 .debug_ranges  0x00000000000001f0       0x20 ./Core/Startup/startup_stm32l4a6zgtx.o
 .debug_ranges  0x0000000000000210      0x120 ./Drivers/STM32L4xx_HAL_Driver/Src/stm32l4xx_hal.o
 .debug_ranges  0x0000000000000330      0x108 ./Drivers/STM32L4xx_HAL_Driver/Src/stm32l4xx_hal_cortex.o
 .debug_ranges  0x0000000000000438       0x48 ./Drivers/STM32L4xx_HAL_Driver/Src/stm32l4xx_hal_gpio.o
 .debug_ranges  0x0000000000000480      0x128 ./Drivers/STM32L4xx_HAL_Driver/Src/stm32l4xx_hal_pcd.o
 .debug_ranges  0x00000000000005a8       0x50 ./Drivers/STM32L4xx_HAL_Driver/Src/stm32l4xx_hal_pcd_ex.o
 .debug_ranges  0x00000000000005f8       0x88 ./Drivers/STM32L4xx_HAL_Driver/Src/stm32l4xx_hal_pwr.o
 .debug_ranges  0x0000000000000680      0x140 ./Drivers/STM32L4xx_HAL_Driver/Src/stm32l4xx_hal_pwr_ex.o
 .debug_ranges  0x00000000000007c0       0x80 ./Drivers/STM32L4xx_HAL_Driver/Src/stm32l4xx_hal_rcc.o
 .debug_ranges  0x0000000000000840       0xf8 ./Drivers/STM32L4xx_HAL_Driver/Src/stm32l4xx_hal_rcc_ex.o
 .debug_ranges  0x0000000000000938      0x1c8 ./Drivers/STM32L4xx_HAL_Driver/Src/stm32l4xx_hal_spi.o
 .debug_ranges  0x0000000000000b00      0x248 ./Drivers/STM32L4xx_HAL_Driver/Src/stm32l4xx_hal_uart.o
 .debug_ranges  0x0000000000000d48      0x190 ./Drivers/STM32L4xx_HAL_Driver/Src/stm32l4xx_ll_usb.o

.debug_macro    0x0000000000000000    0x296cf
 .debug_macro   0x0000000000000000      0x21a ./Core/Src/cbus.o
 .debug_macro   0x000000000000021a      0xa78 ./Core/Src/cbus.o
 .debug_macro   0x0000000000000c92       0x28 ./Core/Src/cbus.o
 .debug_macro   0x0000000000000cba       0x22 ./Core/Src/cbus.o
 .debug_macro   0x0000000000000cdc       0x8e ./Core/Src/cbus.o
 .debug_macro   0x0000000000000d6a       0x51 ./Core/Src/cbus.o
 .debug_macro   0x0000000000000dbb      0x103 ./Core/Src/cbus.o
 .debug_macro   0x0000000000000ebe       0x6a ./Core/Src/cbus.o
 .debug_macro   0x0000000000000f28      0x1df ./Core/Src/cbus.o
 .debug_macro   0x0000000000001107       0x1c ./Core/Src/cbus.o
 .debug_macro   0x0000000000001123       0x22 ./Core/Src/cbus.o
 .debug_macro   0x0000000000001145       0xfb ./Core/Src/cbus.o
 .debug_macro   0x0000000000001240     0x1011 ./Core/Src/cbus.o
 .debug_macro   0x0000000000002251      0x11f ./Core/Src/cbus.o
 .debug_macro   0x0000000000002370    0x1c8bf ./Core/Src/cbus.o
 .debug_macro   0x000000000001ec2f       0x2e ./Core/Src/cbus.o
 .debug_macro   0x000000000001ec5d       0x6d ./Core/Src/cbus.o
 .debug_macro   0x000000000001ecca      0x1b3 ./Core/Src/cbus.o
 .debug_macro   0x000000000001ee7d     0x38e6 ./Core/Src/cbus.o
 .debug_macro   0x0000000000022763      0x174 ./Core/Src/cbus.o
 .debug_macro   0x00000000000228d7       0x5c ./Core/Src/cbus.o
 .debug_macro   0x0000000000022933     0x1909 ./Core/Src/cbus.o
 .debug_macro   0x000000000002423c      0x773 ./Core/Src/cbus.o
 .debug_macro   0x00000000000249af      0x1b9 ./Core/Src/cbus.o
 .debug_macro   0x0000000000024b68      0x202 ./Core/Src/cbus.o
 .debug_macro   0x0000000000024d6a      0x26b ./Core/Src/cbus.o
 .debug_macro   0x0000000000024fd5      0x23d ./Core/Src/cbus.o
 .debug_macro   0x0000000000025212      0x241 ./Core/Src/cbus.o
 .debug_macro   0x0000000000025453      0x3ad ./Core/Src/cbus.o
 .debug_macro   0x0000000000025800       0xe4 ./Core/Src/cbus.o
 .debug_macro   0x00000000000258e4      0x22c ./Core/Src/cbus.o
 .debug_macro   0x0000000000025b10       0x61 ./Core/Src/cbus.o
 .debug_macro   0x0000000000025b71       0xa5 ./Core/Src/cbus.o
 .debug_macro   0x0000000000025c16      0x1f4 ./Core/Src/cbus.o
 .debug_macro   0x0000000000025e0a       0x97 ./Core/Src/cbus.o
 .debug_macro   0x0000000000025ea1      0x122 ./Core/Src/cbus.o
 .debug_macro   0x0000000000025fc3      0x3ef ./Core/Src/cbus.o
 .debug_macro   0x00000000000263b2      0x2fe ./Core/Src/cbus.o
 .debug_macro   0x00000000000266b0      0x5ba ./Core/Src/cbus.o
 .debug_macro   0x0000000000026c6a       0x44 ./Core/Src/cbus.o
 .debug_macro   0x0000000000026cae      0x433 ./Core/Src/cbus.o
 .debug_macro   0x00000000000270e1       0x22 ./Core/Src/cbus.o
 .debug_macro   0x0000000000027103       0x10 ./Core/Src/cbus.o
 .debug_macro   0x0000000000027113      0x236 ./Core/Src/functional_image_alog.o
 .debug_macro   0x0000000000027349       0xee ./Core/Src/functional_image_alog.o
 .debug_macro   0x0000000000027437       0x4c ./Core/Src/functional_image_alog.o
 .debug_macro   0x0000000000027483      0x23c ./Core/Src/main.o
 .debug_macro   0x00000000000276bf       0xb8 ./Core/Src/main.o
 .debug_macro   0x0000000000027777      0x20d ./Core/Src/stm32l4xx_hal_msp.o
 .debug_macro   0x0000000000027984      0x217 ./Core/Src/stm32l4xx_it.o
 .debug_macro   0x0000000000027b9b      0x1fe ./Core/Src/system_stm32l4xx.o
 .debug_macro   0x0000000000027d99      0x24c ./Drivers/STM32L4xx_HAL_Driver/Src/stm32l4xx_hal.o
 .debug_macro   0x0000000000027fe5      0x1fe ./Drivers/STM32L4xx_HAL_Driver/Src/stm32l4xx_hal_cortex.o
 .debug_macro   0x00000000000281e3      0x205 ./Drivers/STM32L4xx_HAL_Driver/Src/stm32l4xx_hal_gpio.o
 .debug_macro   0x00000000000283e8      0x20a ./Drivers/STM32L4xx_HAL_Driver/Src/stm32l4xx_hal_pcd.o
 .debug_macro   0x00000000000285f2      0x1fe ./Drivers/STM32L4xx_HAL_Driver/Src/stm32l4xx_hal_pcd_ex.o
 .debug_macro   0x00000000000287f0      0x216 ./Drivers/STM32L4xx_HAL_Driver/Src/stm32l4xx_hal_pwr.o
 .debug_macro   0x0000000000028a06      0x228 ./Drivers/STM32L4xx_HAL_Driver/Src/stm32l4xx_hal_pwr_ex.o
 .debug_macro   0x0000000000028c2e      0x240 ./Drivers/STM32L4xx_HAL_Driver/Src/stm32l4xx_hal_rcc.o
 .debug_macro   0x0000000000028e6e      0x234 ./Drivers/STM32L4xx_HAL_Driver/Src/stm32l4xx_hal_rcc_ex.o
 .debug_macro   0x00000000000290a2      0x206 ./Drivers/STM32L4xx_HAL_Driver/Src/stm32l4xx_hal_spi.o
 .debug_macro   0x00000000000292a8      0x229 ./Drivers/STM32L4xx_HAL_Driver/Src/stm32l4xx_hal_uart.o
 .debug_macro   0x00000000000294d1      0x1fe ./Drivers/STM32L4xx_HAL_Driver/Src/stm32l4xx_ll_usb.o

.debug_line     0x0000000000000000    0x1207b
 .debug_line    0x0000000000000000      0xc3b ./Core/Src/cbus.o
 .debug_line    0x0000000000000c3b      0x94f ./Core/Src/functional_image_alog.o
 .debug_line    0x000000000000158a      0x9e8 ./Core/Src/main.o
 .debug_line    0x0000000000001f72      0x883 ./Core/Src/stm32l4xx_hal_msp.o
 .debug_line    0x00000000000027f5      0x7f7 ./Core/Src/stm32l4xx_it.o
 .debug_line    0x0000000000002fec      0x7cc ./Core/Src/system_stm32l4xx.o
 .debug_line    0x00000000000037b8       0x88 ./Core/Startup/startup_stm32l4a6zgtx.o
 .debug_line    0x0000000000003840      0xb24 ./Drivers/STM32L4xx_HAL_Driver/Src/stm32l4xx_hal.o
 .debug_line    0x0000000000004364      0xccb ./Drivers/STM32L4xx_HAL_Driver/Src/stm32l4xx_hal_cortex.o
 .debug_line    0x000000000000502f      0xb80 ./Drivers/STM32L4xx_HAL_Driver/Src/stm32l4xx_hal_gpio.o
 .debug_line    0x0000000000005baf     0x1346 ./Drivers/STM32L4xx_HAL_Driver/Src/stm32l4xx_hal_pcd.o
 .debug_line    0x0000000000006ef5      0x904 ./Drivers/STM32L4xx_HAL_Driver/Src/stm32l4xx_hal_pcd_ex.o
 .debug_line    0x00000000000077f9      0x901 ./Drivers/STM32L4xx_HAL_Driver/Src/stm32l4xx_hal_pwr.o
 .debug_line    0x00000000000080fa      0xcf6 ./Drivers/STM32L4xx_HAL_Driver/Src/stm32l4xx_hal_pwr_ex.o
 .debug_line    0x0000000000008df0      0xfe6 ./Drivers/STM32L4xx_HAL_Driver/Src/stm32l4xx_hal_rcc.o
 .debug_line    0x0000000000009dd6     0x172c ./Drivers/STM32L4xx_HAL_Driver/Src/stm32l4xx_hal_rcc_ex.o
 .debug_line    0x000000000000b502     0x1f5e ./Drivers/STM32L4xx_HAL_Driver/Src/stm32l4xx_hal_spi.o
 .debug_line    0x000000000000d460     0x32a2 ./Drivers/STM32L4xx_HAL_Driver/Src/stm32l4xx_hal_uart.o
 .debug_line    0x0000000000010702     0x1979 ./Drivers/STM32L4xx_HAL_Driver/Src/stm32l4xx_ll_usb.o

.debug_str      0x0000000000000000    0xfafee
 .debug_str     0x0000000000000000    0xf5a97 ./Core/Src/cbus.o
                                      0xf5d5a (size before relaxing)
 .debug_str     0x00000000000f5a97      0x609 ./Core/Src/functional_image_alog.o
                                      0xf5ff6 (size before relaxing)
 .debug_str     0x00000000000f60a0      0xea8 ./Core/Src/main.o
                                      0xf6f79 (size before relaxing)
 .debug_str     0x00000000000f6f48      0x33b ./Core/Src/stm32l4xx_hal_msp.o
                                      0xf6a22 (size before relaxing)
 .debug_str     0x00000000000f7283       0xc9 ./Core/Src/stm32l4xx_it.o
                                      0xf5bcb (size before relaxing)
 .debug_str     0x00000000000f734c       0xf2 ./Core/Src/system_stm32l4xx.o
                                      0xf5ab0 (size before relaxing)
 .debug_str     0x00000000000f743e       0x36 ./Core/Startup/startup_stm32l4a6zgtx.o
                                         0x72 (size before relaxing)
 .debug_str     0x00000000000f7474      0xaff ./Drivers/STM32L4xx_HAL_Driver/Src/stm32l4xx_hal.o
                                      0xf66c6 (size before relaxing)
 .debug_str     0x00000000000f7f73      0x344 ./Drivers/STM32L4xx_HAL_Driver/Src/stm32l4xx_hal_cortex.o
                                      0xf6367 (size before relaxing)
 .debug_str     0x00000000000f82b7      0x123 ./Drivers/STM32L4xx_HAL_Driver/Src/stm32l4xx_hal_gpio.o
                                      0xf5c2a (size before relaxing)
 .debug_str     0x00000000000f83da      0x7fa ./Drivers/STM32L4xx_HAL_Driver/Src/stm32l4xx_hal_pcd.o
                                      0xf6518 (size before relaxing)
 .debug_str     0x00000000000f8bd4      0x174 ./Drivers/STM32L4xx_HAL_Driver/Src/stm32l4xx_hal_pcd_ex.o
                                      0xf5ed5 (size before relaxing)
 .debug_str     0x00000000000f8d48      0x357 ./Drivers/STM32L4xx_HAL_Driver/Src/stm32l4xx_hal_pwr.o
                                      0xf5e27 (size before relaxing)
 .debug_str     0x00000000000f909f      0x3db ./Drivers/STM32L4xx_HAL_Driver/Src/stm32l4xx_hal_pwr_ex.o
                                      0xf5fff (size before relaxing)
 .debug_str     0x00000000000f947a      0x38d ./Drivers/STM32L4xx_HAL_Driver/Src/stm32l4xx_hal_rcc.o
                                      0xf60fd (size before relaxing)
 .debug_str     0x00000000000f9807      0x54c ./Drivers/STM32L4xx_HAL_Driver/Src/stm32l4xx_hal_rcc_ex.o
                                      0xf6498 (size before relaxing)
 .debug_str     0x00000000000f9d53      0x5b1 ./Drivers/STM32L4xx_HAL_Driver/Src/stm32l4xx_hal_spi.o
                                      0xf62c4 (size before relaxing)
 .debug_str     0x00000000000fa304      0x8a6 ./Drivers/STM32L4xx_HAL_Driver/Src/stm32l4xx_hal_uart.o
                                      0xf67e0 (size before relaxing)
 .debug_str     0x00000000000fabaa      0x444 ./Drivers/STM32L4xx_HAL_Driver/Src/stm32l4xx_ll_usb.o
                                      0xf63bc (size before relaxing)

.comment        0x0000000000000000       0x50
 .comment       0x0000000000000000       0x50 ./Core/Src/cbus.o
                                         0x51 (size before relaxing)
 .comment       0x0000000000000050       0x51 ./Core/Src/functional_image_alog.o
 .comment       0x0000000000000050       0x51 ./Core/Src/main.o
 .comment       0x0000000000000050       0x51 ./Core/Src/stm32l4xx_hal_msp.o
 .comment       0x0000000000000050       0x51 ./Core/Src/stm32l4xx_it.o
 .comment       0x0000000000000050       0x51 ./Core/Src/system_stm32l4xx.o
 .comment       0x0000000000000050       0x51 ./Drivers/STM32L4xx_HAL_Driver/Src/stm32l4xx_hal.o
 .comment       0x0000000000000050       0x51 ./Drivers/STM32L4xx_HAL_Driver/Src/stm32l4xx_hal_cortex.o
 .comment       0x0000000000000050       0x51 ./Drivers/STM32L4xx_HAL_Driver/Src/stm32l4xx_hal_gpio.o
 .comment       0x0000000000000050       0x51 ./Drivers/STM32L4xx_HAL_Driver/Src/stm32l4xx_hal_pcd.o
 .comment       0x0000000000000050       0x51 ./Drivers/STM32L4xx_HAL_Driver/Src/stm32l4xx_hal_pcd_ex.o
 .comment       0x0000000000000050       0x51 ./Drivers/STM32L4xx_HAL_Driver/Src/stm32l4xx_hal_pwr.o
 .comment       0x0000000000000050       0x51 ./Drivers/STM32L4xx_HAL_Driver/Src/stm32l4xx_hal_pwr_ex.o
 .comment       0x0000000000000050       0x51 ./Drivers/STM32L4xx_HAL_Driver/Src/stm32l4xx_hal_rcc.o
 .comment       0x0000000000000050       0x51 ./Drivers/STM32L4xx_HAL_Driver/Src/stm32l4xx_hal_rcc_ex.o
 .comment       0x0000000000000050       0x51 ./Drivers/STM32L4xx_HAL_Driver/Src/stm32l4xx_hal_spi.o
 .comment       0x0000000000000050       0x51 ./Drivers/STM32L4xx_HAL_Driver/Src/stm32l4xx_hal_uart.o
 .comment       0x0000000000000050       0x51 ./Drivers/STM32L4xx_HAL_Driver/Src/stm32l4xx_ll_usb.o

.debug_frame    0x0000000000000000     0x418c
 .debug_frame   0x0000000000000000      0x2fc ./Core/Src/cbus.o
 .debug_frame   0x00000000000002fc       0xf8 ./Core/Src/functional_image_alog.o
 .debug_frame   0x00000000000003f4      0x144 ./Core/Src/main.o
 .debug_frame   0x0000000000000538      0x118 ./Core/Src/stm32l4xx_hal_msp.o
 .debug_frame   0x0000000000000650      0x104 ./Core/Src/stm32l4xx_it.o
 .debug_frame   0x0000000000000754       0x58 ./Core/Src/system_stm32l4xx.o
 .debug_frame   0x00000000000007ac      0x498 ./Drivers/STM32L4xx_HAL_Driver/Src/stm32l4xx_hal.o
 .debug_frame   0x0000000000000c44      0x498 ./Drivers/STM32L4xx_HAL_Driver/Src/stm32l4xx_hal_cortex.o
 .debug_frame   0x00000000000010dc      0x14c ./Drivers/STM32L4xx_HAL_Driver/Src/stm32l4xx_hal_gpio.o
 .debug_frame   0x0000000000001228      0x568 ./Drivers/STM32L4xx_HAL_Driver/Src/stm32l4xx_hal_pcd.o
 .debug_frame   0x0000000000001790      0x174 ./Drivers/STM32L4xx_HAL_Driver/Src/stm32l4xx_hal_pcd_ex.o
 .debug_frame   0x0000000000001904      0x230 ./Drivers/STM32L4xx_HAL_Driver/Src/stm32l4xx_hal_pwr.o
 .debug_frame   0x0000000000001b34      0x544 ./Drivers/STM32L4xx_HAL_Driver/Src/stm32l4xx_hal_pwr_ex.o
 .debug_frame   0x0000000000002078      0x21c ./Drivers/STM32L4xx_HAL_Driver/Src/stm32l4xx_hal_rcc.o
 .debug_frame   0x0000000000002294      0x43c ./Drivers/STM32L4xx_HAL_Driver/Src/stm32l4xx_hal_rcc_ex.o
 .debug_frame   0x00000000000026d0      0x860 ./Drivers/STM32L4xx_HAL_Driver/Src/stm32l4xx_hal_spi.o
 .debug_frame   0x0000000000002f30      0x9f4 ./Drivers/STM32L4xx_HAL_Driver/Src/stm32l4xx_hal_uart.o
 .debug_frame   0x0000000000003924      0x7bc ./Drivers/STM32L4xx_HAL_Driver/Src/stm32l4xx_ll_usb.o
 .debug_frame   0x00000000000040e0       0x2c c:/st/stm32cubeide_1.10.1/stm32cubeide/plugins/com.st.stm32cube.ide.mcu.externaltools.gnu-tools-for-stm32.10.3-2021.10.win32_1.0.0.202111181127/tools/bin/../lib/gcc/arm-none-eabi/10.3.1/../../../../arm-none-eabi/lib/thumb/v7e-m+fp/hard\libc_nano.a(lib_a-init.o)
 .debug_frame   0x000000000000410c       0x20 c:/st/stm32cubeide_1.10.1/stm32cubeide/plugins/com.st.stm32cube.ide.mcu.externaltools.gnu-tools-for-stm32.10.3-2021.10.win32_1.0.0.202111181127/tools/bin/../lib/gcc/arm-none-eabi/10.3.1/../../../../arm-none-eabi/lib/thumb/v7e-m+fp/hard\libc_nano.a(lib_a-memset.o)
 .debug_frame   0x000000000000412c       0x2c c:/st/stm32cubeide_1.10.1/stm32cubeide/plugins/com.st.stm32cube.ide.mcu.externaltools.gnu-tools-for-stm32.10.3-2021.10.win32_1.0.0.202111181127/tools/bin/../lib/gcc/arm-none-eabi/10.3.1/thumb/v7e-m+fp/hard\libgcc.a(_aeabi_uldivmod.o)
 .debug_frame   0x0000000000004158       0x34 c:/st/stm32cubeide_1.10.1/stm32cubeide/plugins/com.st.stm32cube.ide.mcu.externaltools.gnu-tools-for-stm32.10.3-2021.10.win32_1.0.0.202111181127/tools/bin/../lib/gcc/arm-none-eabi/10.3.1/thumb/v7e-m+fp/hard\libgcc.a(_udivmoddi4.o)
