Archive member included to satisfy reference by file (symbol)

c:/st/stm32cubeide_1.10.1/stm32cubeide/plugins/com.st.stm32cube.ide.mcu.externaltools.gnu-tools-for-stm32.10.3-2021.10.win32_1.0.0.202111181127/tools/bin/../lib/gcc/arm-none-eabi/10.3.1/../../../../arm-none-eabi/lib/thumb/v7e-m+fp/hard\libc_nano.a(lib_a-errno.o)
                              ./Core/Src/syscalls.o (__errno)
c:/st/stm32cubeide_1.10.1/stm32cubeide/plugins/com.st.stm32cube.ide.mcu.externaltools.gnu-tools-for-stm32.10.3-2021.10.win32_1.0.0.202111181127/tools/bin/../lib/gcc/arm-none-eabi/10.3.1/../../../../arm-none-eabi/lib/thumb/v7e-m+fp/hard\libc_nano.a(lib_a-exit.o)
                              c:/st/stm32cubeide_1.10.1/stm32cubeide/plugins/com.st.stm32cube.ide.mcu.externaltools.gnu-tools-for-stm32.10.3-2021.10.win32_1.0.0.202111181127/tools/bin/../lib/gcc/arm-none-eabi/10.3.1/../../../../arm-none-eabi/lib/thumb/v7e-m+fp/hard/crt0.o (exit)
c:/st/stm32cubeide_1.10.1/stm32cubeide/plugins/com.st.stm32cube.ide.mcu.externaltools.gnu-tools-for-stm32.10.3-2021.10.win32_1.0.0.202111181127/tools/bin/../lib/gcc/arm-none-eabi/10.3.1/../../../../arm-none-eabi/lib/thumb/v7e-m+fp/hard\libc_nano.a(lib_a-impure.o)
                              c:/st/stm32cubeide_1.10.1/stm32cubeide/plugins/com.st.stm32cube.ide.mcu.externaltools.gnu-tools-for-stm32.10.3-2021.10.win32_1.0.0.202111181127/tools/bin/../lib/gcc/arm-none-eabi/10.3.1/../../../../arm-none-eabi/lib/thumb/v7e-m+fp/hard\libc_nano.a(lib_a-exit.o) (_global_impure_ptr)
c:/st/stm32cubeide_1.10.1/stm32cubeide/plugins/com.st.stm32cube.ide.mcu.externaltools.gnu-tools-for-stm32.10.3-2021.10.win32_1.0.0.202111181127/tools/bin/../lib/gcc/arm-none-eabi/10.3.1/../../../../arm-none-eabi/lib/thumb/v7e-m+fp/hard\libc_nano.a(lib_a-init.o)
                              c:/st/stm32cubeide_1.10.1/stm32cubeide/plugins/com.st.stm32cube.ide.mcu.externaltools.gnu-tools-for-stm32.10.3-2021.10.win32_1.0.0.202111181127/tools/bin/../lib/gcc/arm-none-eabi/10.3.1/../../../../arm-none-eabi/lib/thumb/v7e-m+fp/hard/crt0.o (__libc_init_array)
c:/st/stm32cubeide_1.10.1/stm32cubeide/plugins/com.st.stm32cube.ide.mcu.externaltools.gnu-tools-for-stm32.10.3-2021.10.win32_1.0.0.202111181127/tools/bin/../lib/gcc/arm-none-eabi/10.3.1/../../../../arm-none-eabi/lib/thumb/v7e-m+fp/hard\libc_nano.a(lib_a-memset.o)
                              c:/st/stm32cubeide_1.10.1/stm32cubeide/plugins/com.st.stm32cube.ide.mcu.externaltools.gnu-tools-for-stm32.10.3-2021.10.win32_1.0.0.202111181127/tools/bin/../lib/gcc/arm-none-eabi/10.3.1/../../../../arm-none-eabi/lib/thumb/v7e-m+fp/hard/crt0.o (memset)
c:/st/stm32cubeide_1.10.1/stm32cubeide/plugins/com.st.stm32cube.ide.mcu.externaltools.gnu-tools-for-stm32.10.3-2021.10.win32_1.0.0.202111181127/tools/bin/../lib/gcc/arm-none-eabi/10.3.1/thumb/v7e-m+fp/hard\libgcc.a(_aeabi_uldivmod.o)
                              ./Drivers/STM32L4xx_HAL_Driver/Src/stm32l4xx_hal_uart.o (__aeabi_uldivmod)
c:/st/stm32cubeide_1.10.1/stm32cubeide/plugins/com.st.stm32cube.ide.mcu.externaltools.gnu-tools-for-stm32.10.3-2021.10.win32_1.0.0.202111181127/tools/bin/../lib/gcc/arm-none-eabi/10.3.1/thumb/v7e-m+fp/hard\libgcc.a(_udivmoddi4.o)
                              c:/st/stm32cubeide_1.10.1/stm32cubeide/plugins/com.st.stm32cube.ide.mcu.externaltools.gnu-tools-for-stm32.10.3-2021.10.win32_1.0.0.202111181127/tools/bin/../lib/gcc/arm-none-eabi/10.3.1/thumb/v7e-m+fp/hard\libgcc.a(_aeabi_uldivmod.o) (__udivmoddi4)
c:/st/stm32cubeide_1.10.1/stm32cubeide/plugins/com.st.stm32cube.ide.mcu.externaltools.gnu-tools-for-stm32.10.3-2021.10.win32_1.0.0.202111181127/tools/bin/../lib/gcc/arm-none-eabi/10.3.1/thumb/v7e-m+fp/hard\libgcc.a(_dvmd_tls.o)
                              c:/st/stm32cubeide_1.10.1/stm32cubeide/plugins/com.st.stm32cube.ide.mcu.externaltools.gnu-tools-for-stm32.10.3-2021.10.win32_1.0.0.202111181127/tools/bin/../lib/gcc/arm-none-eabi/10.3.1/thumb/v7e-m+fp/hard\libgcc.a(_aeabi_uldivmod.o) (__aeabi_ldiv0)

Discarded input sections

 .text          0x0000000000000000        0x0 c:/st/stm32cubeide_1.10.1/stm32cubeide/plugins/com.st.stm32cube.ide.mcu.externaltools.gnu-tools-for-stm32.10.3-2021.10.win32_1.0.0.202111181127/tools/bin/../lib/gcc/arm-none-eabi/10.3.1/thumb/v7e-m+fp/hard/crti.o
 .data          0x0000000000000000        0x0 c:/st/stm32cubeide_1.10.1/stm32cubeide/plugins/com.st.stm32cube.ide.mcu.externaltools.gnu-tools-for-stm32.10.3-2021.10.win32_1.0.0.202111181127/tools/bin/../lib/gcc/arm-none-eabi/10.3.1/thumb/v7e-m+fp/hard/crti.o
 .bss           0x0000000000000000        0x0 c:/st/stm32cubeide_1.10.1/stm32cubeide/plugins/com.st.stm32cube.ide.mcu.externaltools.gnu-tools-for-stm32.10.3-2021.10.win32_1.0.0.202111181127/tools/bin/../lib/gcc/arm-none-eabi/10.3.1/thumb/v7e-m+fp/hard/crti.o
[...]
Memory Configuration

Name             Origin             Length             Attributes
RAM              0x0000000020000000 0x0000000000050000 xrw
RAM2             0x0000000010000000 0x0000000000010000 xrw
FLASH            0x0000000008000000 0x0000000000100000 xr
*default*        0x0000000000000000 0xffffffffffffffff

Linker script and memory map

LOAD c:/st/stm32cubeide_1.10.1/stm32cubeide/plugins/com.st.stm32cube.ide.mcu.externaltools.gnu-tools-for-stm32.10.3-2021.10.win32_1.0.0.202111181127/tools/bin/../lib/gcc/arm-none-eabi/10.3.1/thumb/v7e-m+fp/hard/crti.o
LOAD c:/st/stm32cubeide_1.10.1/stm32cubeide/plugins/com.st.stm32cube.ide.mcu.externaltools.gnu-tools-for-stm32.10.3-2021.10.win32_1.0.0.202111181127/tools/bin/../lib/gcc/arm-none-eabi/10.3.1/thumb/v7e-m+fp/hard/crtbegin.o
LOAD c:/st/stm32cubeide_1.10.1/stm32cubeide/plugins/com.st.stm32cube.ide.mcu.externaltools.gnu-tools-for-stm32.10.3-2021.10.win32_1.0.0.202111181127/tools/bin/../lib/gcc/arm-none-eabi/10.3.1/../../../../arm-none-eabi/lib/thumb/v7e-m+fp/hard/crt0.o
LOAD ./Core/Src/cbus.o
LOAD ./Core/Src/functional_image_alog.o
LOAD ./Core/Src/main.o
LOAD ./Core/Src/stm32l4xx_hal_msp.o
LOAD ./Core/Src/stm32l4xx_it.o
LOAD ./Core/Src/syscalls.o
LOAD ./Core/Src/sysmem.o
LOAD ./Core/Src/system_stm32l4xx.o
LOAD ./Core/Src/timer4_delay.o
LOAD ./Core/Startup/startup_stm32l4a6zgtx.o
LOAD ./Drivers/STM32L4xx_HAL_Driver/Src/stm32l4xx_hal.o
LOAD ./Drivers/STM32L4xx_HAL_Driver/Src/stm32l4xx_hal_cortex.o
LOAD ./Drivers/STM32L4xx_HAL_Driver/Src/stm32l4xx_hal_dma.o
LOAD ./Drivers/STM32L4xx_HAL_Driver/Src/stm32l4xx_hal_dma_ex.o
LOAD ./Drivers/STM32L4xx_HAL_Driver/Src/stm32l4xx_hal_exti.o
LOAD ./Drivers/STM32L4xx_HAL_Driver/Src/stm32l4xx_hal_flash.o
LOAD ./Drivers/STM32L4xx_HAL_Driver/Src/stm32l4xx_hal_flash_ex.o
LOAD ./Drivers/STM32L4xx_HAL_Driver/Src/stm32l4xx_hal_flash_ramfunc.o
LOAD ./Drivers/STM32L4xx_HAL_Driver/Src/stm32l4xx_hal_gpio.o
LOAD ./Drivers/STM32L4xx_HAL_Driver/Src/stm32l4xx_hal_i2c.o
LOAD ./Drivers/STM32L4xx_HAL_Driver/Src/stm32l4xx_hal_i2c_ex.o
LOAD ./Drivers/STM32L4xx_HAL_Driver/Src/stm32l4xx_hal_pcd.o
LOAD ./Drivers/STM32L4xx_HAL_Driver/Src/stm32l4xx_hal_pcd_ex.o
LOAD ./Drivers/STM32L4xx_HAL_Driver/Src/stm32l4xx_hal_pwr.o
LOAD ./Drivers/STM32L4xx_HAL_Driver/Src/stm32l4xx_hal_pwr_ex.o
LOAD ./Drivers/STM32L4xx_HAL_Driver/Src/stm32l4xx_hal_rcc.o
LOAD ./Drivers/STM32L4xx_HAL_Driver/Src/stm32l4xx_hal_rcc_ex.o
LOAD ./Drivers/STM32L4xx_HAL_Driver/Src/stm32l4xx_hal_spi.o
LOAD ./Drivers/STM32L4xx_HAL_Driver/Src/stm32l4xx_hal_spi_ex.o
LOAD ./Drivers/STM32L4xx_HAL_Driver/Src/stm32l4xx_hal_tim.o
LOAD ./Drivers/STM32L4xx_HAL_Driver/Src/stm32l4xx_hal_tim_ex.o
LOAD ./Drivers/STM32L4xx_HAL_Driver/Src/stm32l4xx_hal_uart.o
LOAD ./Drivers/STM32L4xx_HAL_Driver/Src/stm32l4xx_hal_uart_ex.o
LOAD ./Drivers/STM32L4xx_HAL_Driver/Src/stm32l4xx_ll_usb.o
START GROUP
LOAD c:/st/stm32cubeide_1.10.1/stm32cubeide/plugins/com.st.stm32cube.ide.mcu.externaltools.gnu-tools-for-stm32.10.3-2021.10.win32_1.0.0.202111181127/tools/bin/../lib/gcc/arm-none-eabi/10.3.1/../../../../arm-none-eabi/lib/thumb/v7e-m+fp/hard\libc_nano.a
LOAD c:/st/stm32cubeide_1.10.1/stm32cubeide/plugins/com.st.stm32cube.ide.mcu.externaltools.gnu-tools-for-stm32.10.3-2021.10.win32_1.0.0.202111181127/tools/bin/../lib/gcc/arm-none-eabi/10.3.1/../../../../arm-none-eabi/lib/thumb/v7e-m+fp/hard\libm.a
END GROUP
START GROUP
LOAD c:/st/stm32cubeide_1.10.1/stm32cubeide/plugins/com.st.stm32cube.ide.mcu.externaltools.gnu-tools-for-stm32.10.3-2021.10.win32_1.0.0.202111181127/tools/bin/../lib/gcc/arm-none-eabi/10.3.1/thumb/v7e-m+fp/hard\libgcc.a
LOAD c:/st/stm32cubeide_1.10.1/stm32cubeide/plugins/com.st.stm32cube.ide.mcu.externaltools.gnu-tools-for-stm32.10.3-2021.10.win32_1.0.0.202111181127/tools/bin/../lib/gcc/arm-none-eabi/10.3.1/../../../../arm-none-eabi/lib/thumb/v7e-m+fp/hard\libc_nano.a
END GROUP
START GROUP
LOAD c:/st/stm32cubeide_1.10.1/stm32cubeide/plugins/com.st.stm32cube.ide.mcu.externaltools.gnu-tools-for-stm32.10.3-2021.10.win32_1.0.0.202111181127/tools/bin/../lib/gcc/arm-none-eabi/10.3.1/thumb/v7e-m+fp/hard\libgcc.a
LOAD c:/st/stm32cubeide_1.10.1/stm32cubeide/plugins/com.st.stm32cube.ide.mcu.externaltools.gnu-tools-for-stm32.10.3-2021.10.win32_1.0.0.202111181127/tools/bin/../lib/gcc/arm-none-eabi/10.3.1/../../../../arm-none-eabi/lib/thumb/v7e-m+fp/hard\libc_nano.a
LOAD c:/st/stm32cubeide_1.10.1/stm32cubeide/plugins/com.st.stm32cube.ide.mcu.externaltools.gnu-tools-for-stm32.10.3-2021.10.win32_1.0.0.202111181127/tools/bin/../lib/gcc/arm-none-eabi/10.3.1/../../../../arm-none-eabi/lib/thumb/v7e-m+fp/hard\libnosys.a
END GROUP
START GROUP
LOAD c:/st/stm32cubeide_1.10.1/stm32cubeide/plugins/com.st.stm32cube.ide.mcu.externaltools.gnu-tools-for-stm32.10.3-2021.10.win32_1.0.0.202111181127/tools/bin/../lib/gcc/arm-none-eabi/10.3.1/thumb/v7e-m+fp/hard\libgcc.a
LOAD c:/st/stm32cubeide_1.10.1/stm32cubeide/plugins/com.st.stm32cube.ide.mcu.externaltools.gnu-tools-for-stm32.10.3-2021.10.win32_1.0.0.202111181127/tools/bin/../lib/gcc/arm-none-eabi/10.3.1/../../../../arm-none-eabi/lib/thumb/v7e-m+fp/hard\libc_nano.a
LOAD c:/st/stm32cubeide_1.10.1/stm32cubeide/plugins/com.st.stm32cube.ide.mcu.externaltools.gnu-tools-for-stm32.10.3-2021.10.win32_1.0.0.202111181127/tools/bin/../lib/gcc/arm-none-eabi/10.3.1/../../../../arm-none-eabi/lib/thumb/v7e-m+fp/hard\libnosys.a
END GROUP
LOAD c:/st/stm32cubeide_1.10.1/stm32cubeide/plugins/com.st.stm32cube.ide.mcu.externaltools.gnu-tools-for-stm32.10.3-2021.10.win32_1.0.0.202111181127/tools/bin/../lib/gcc/arm-none-eabi/10.3.1/thumb/v7e-m+fp/hard/crtend.o
LOAD c:/st/stm32cubeide_1.10.1/stm32cubeide/plugins/com.st.stm32cube.ide.mcu.externaltools.gnu-tools-for-stm32.10.3-2021.10.win32_1.0.0.202111181127/tools/bin/../lib/gcc/arm-none-eabi/10.3.1/thumb/v7e-m+fp/hard/crtn.o
                0x0000000020050000                _estack = (ORIGIN (RAM) + LENGTH (RAM))
                0x0000000000000200                _Min_Heap_Size = 0x200
                0x0000000000000400                _Min_Stack_Size = 0x400

.isr_vector     0x0000000008000000      0x1ac
                0x0000000008000000                . = ALIGN (0x4)
 *(.isr_vector)
 .isr_vector    0x0000000008000000      0x1ac ./Core/Startup/startup_stm32l4a6zgtx.o
                0x0000000008000000                g_pfnVectors
                0x00000000080001ac                . = ALIGN (0x4)

.text           0x00000000080001ac     0x4640
                0x00000000080001ac                . = ALIGN (0x4)
 *(.text)
 .text          0x00000000080001ac       0x40 c:/st/stm32cubeide_1.10.1/stm32cubeide/plugins/com.st.stm32cube.ide.mcu.externaltools.gnu-tools-for-stm32.10.3-2021.10.win32_1.0.0.202111181127/tools/bin/../lib/gcc/arm-none-eabi/10.3.1/thumb/v7e-m+fp/hard/crtbegin.o
 .text          0x00000000080001ec       0x30 c:/st/stm32cubeide_1.10.1/stm32cubeide/plugins/com.st.stm32cube.ide.mcu.externaltools.gnu-tools-for-stm32.10.3-2021.10.win32_1.0.0.202111181127/tools/bin/../lib/gcc/arm-none-eabi/10.3.1/thumb/v7e-m+fp/hard\libgcc.a(_aeabi_uldivmod.o)
                0x00000000080001ec                __aeabi_uldivmod
 .text          0x000000000800021c      0x2d0 c:/st/stm32cubeide_1.10.1/stm32cubeide/plugins/com.st.stm32cube.ide.mcu.externaltools.gnu-tools-for-stm32.10.3-2021.10.win32_1.0.0.202111181127/tools/bin/../lib/gcc/arm-none-eabi/10.3.1/thumb/v7e-m+fp/hard\libgcc.a(_udivmoddi4.o)
                0x000000000800021c                __udivmoddi4
 .text          0x00000000080004ec        0x4 c:/st/stm32cubeide_1.10.1/stm32cubeide/plugins/com.st.stm32cube.ide.mcu.externaltools.gnu-tools-for-stm32.10.3-2021.10.win32_1.0.0.202111181127/tools/bin/../lib/gcc/arm-none-eabi/10.3.1/thumb/v7e-m+fp/hard\libgcc.a(_dvmd_tls.o)
                0x00000000080004ec                __aeabi_idiv0
                0x00000000080004ec                __aeabi_ldiv0
 *(.text*)
 .text.CBUS_BUSY
                0x00000000080004f0       0x26 ./Core/Src/cbus.o
 .text.CBUS_RX_FIFO_NOT_EMPTY_CHECK
                0x0000000008000516       0x26 ./Core/Src/cbus.o
 .text.CBUS_SendFrame
                0x000000000800053c       0x20 ./Core/Src/cbus.o
 .text.CBUS_TX_BUFFER_EMPTY_CHECK
                0x000000000800055c       0x26 ./Core/Src/cbus.o
 .text.swap_uint16
                0x0000000008000582       0x2a ./Core/Src/cbus.o
 .text.CBUS_INIT
                0x00000000080005ac       0x14 ./Core/Src/cbus.o
                0x00000000080005ac                CBUS_INIT
 .text.enable_clock_gpio_spi
                0x00000000080005c0       0x2c ./Core/Src/cbus.o
                0x00000000080005c0                enable_clock_gpio_spi
 .text.set_cbus_pins
                0x00000000080005ec      0x170 ./Core/Src/cbus.o
                0x00000000080005ec                set_cbus_pins
 .text.set_spi_portg_alternate_fun6
                0x000000000800075c       0x5c ./Core/Src/cbus.o
                0x000000000800075c                set_spi_portg_alternate_fun6
 .text.CBUS_CHIP_SElECT_LOW
                0x00000000080007b8       0x20 ./Core/Src/cbus.o
                0x00000000080007b8                CBUS_CHIP_SElECT_LOW
 .text.CBUS_CHIP_SElECT_HIGH
                0x00000000080007d8       0x20 ./Core/Src/cbus.o
                0x00000000080007d8                CBUS_CHIP_SElECT_HIGH
 .text.CBUS_CHIP_SElECT_OUPUT_CODEC_HIGH
                0x00000000080007f8       0x20 ./Core/Src/cbus.o
                0x00000000080007f8                CBUS_CHIP_SElECT_OUPUT_CODEC_HIGH
 .text.Cbus_Config
                0x0000000008000818       0x8c ./Core/Src/cbus.o
                0x0000000008000818                Cbus_Config
 .text.Cbus_Write_no_data
                0x00000000080008a4       0x2c ./Core/Src/cbus.o
                0x00000000080008a4                Cbus_Write_no_data
 .text.CbusWriteRegister
                0x00000000080008d0       0x82 ./Core/Src/cbus.o
                0x00000000080008d0                CbusWriteRegister
 .text.Cbus_Write_Word_stream
                0x0000000008000952       0xcc ./Core/Src/cbus.o
                0x0000000008000952                Cbus_Write_Word_stream
 .text.Cbus_Read_Byte
                0x0000000008000a1e       0x78 ./Core/Src/cbus.o
                0x0000000008000a1e                Cbus_Read_Byte
 .text.CBUS_READ_TWO_WORDS
                0x0000000008000a96       0xc4 ./Core/Src/cbus.o
                0x0000000008000a96                CBUS_READ_TWO_WORDS
 *fill*         0x0000000008000b5a        0x2 
 .text.CBUS_ReceiveFrame
                0x0000000008000b5c       0x2c ./Core/Src/cbus.o
                0x0000000008000b5c                CBUS_ReceiveFrame
 .text.enable_codec_boot_control_gpios
                0x0000000008000b88       0x74 ./Core/Src/functional_image_alog.o
                0x0000000008000b88                enable_codec_boot_control_gpios
 .text.set_boot_en1_en2_high
                0x0000000008000bfc       0x2c ./Core/Src/functional_image_alog.o
                0x0000000008000bfc                set_boot_en1_en2_high
 .text.set_boot_en1_en2_low
                0x0000000008000c28       0x2c ./Core/Src/functional_image_alog.o
                0x0000000008000c28                set_boot_en1_en2_low
 .text.General_Reset_to_CMX72619
                0x0000000008000c54       0x1c ./Core/Src/functional_image_alog.o
                0x0000000008000c54                General_Reset_to_CMX72619
 .text.Read_audio_fifo_out_level_reg_for_3_device_check_word
                0x0000000008000c70       0x7c ./Core/Src/functional_image_alog.o
                0x0000000008000c70                Read_audio_fifo_out_level_reg_for_3_device_check_word
 .text.Write_block
                0x0000000008000cec      0x1c8 ./Core/Src/functional_image_alog.o
                0x0000000008000cec                Write_block
 .text.CBUS_ENABLE
                0x0000000008000eb4       0x20 ./Core/Src/main.o
 .text.main     0x0000000008000ed4      0x110 ./Core/Src/main.o
                0x0000000008000ed4                main
 .text.SystemClock_Config
                0x0000000008000fe4       0xc8 ./Core/Src/main.o
                0x0000000008000fe4                SystemClock_Config
 .text.MX_LPUART1_UART_Init
                0x00000000080010ac       0x5c ./Core/Src/main.o
 .text.MX_SPI1_Init
                0x0000000008001108       0x7c ./Core/Src/main.o
 .text.MX_USB_OTG_FS_PCD_Init
                0x0000000008001184       0x5c ./Core/Src/main.o
 .text.MX_GPIO_Init
                0x00000000080011e0      0x130 ./Core/Src/main.o
 .text.Error_Handler
                0x0000000008001310        0xa ./Core/Src/main.o
                0x0000000008001310                Error_Handler
 *fill*         0x000000000800131a        0x2 
 .text.HAL_MspInit
                0x000000000800131c       0x48 ./Core/Src/stm32l4xx_hal_msp.o
                0x000000000800131c                HAL_MspInit
 .text.HAL_UART_MspInit
                0x0000000008001364       0xc0 ./Core/Src/stm32l4xx_hal_msp.o
                0x0000000008001364                HAL_UART_MspInit
 .text.HAL_SPI_MspInit
                0x0000000008001424       0x84 ./Core/Src/stm32l4xx_hal_msp.o
                0x0000000008001424                HAL_SPI_MspInit
 .text.HAL_PCD_MspInit
                0x00000000080014a8      0x138 ./Core/Src/stm32l4xx_hal_msp.o
                0x00000000080014a8                HAL_PCD_MspInit
 .text.NMI_Handler
                0x00000000080015e0        0x6 ./Core/Src/stm32l4xx_it.o
                0x00000000080015e0                NMI_Handler
 .text.HardFault_Handler
                0x00000000080015e6        0x6 ./Core/Src/stm32l4xx_it.o
                0x00000000080015e6                HardFault_Handler
 .text.MemManage_Handler
                0x00000000080015ec        0x6 ./Core/Src/stm32l4xx_it.o
                0x00000000080015ec                MemManage_Handler
 .text.BusFault_Handler
                0x00000000080015f2        0x6 ./Core/Src/stm32l4xx_it.o
                0x00000000080015f2                BusFault_Handler
 .text.UsageFault_Handler
                0x00000000080015f8        0x6 ./Core/Src/stm32l4xx_it.o
                0x00000000080015f8                UsageFault_Handler
 .text.SVC_Handler
                0x00000000080015fe        0xe ./Core/Src/stm32l4xx_it.o
                0x00000000080015fe                SVC_Handler
 .text.DebugMon_Handler
                0x000000000800160c        0xe ./Core/Src/stm32l4xx_it.o
                0x000000000800160c                DebugMon_Handler
 .text.PendSV_Handler
                0x000000000800161a        0xe ./Core/Src/stm32l4xx_it.o
                0x000000000800161a                PendSV_Handler
 .text.SysTick_Handler
                0x0000000008001628        0xc ./Core/Src/stm32l4xx_it.o
                0x0000000008001628                SysTick_Handler
 .text.SystemInit
                0x0000000008001634       0x24 ./Core/Src/system_stm32l4xx.o
                0x0000000008001634                SystemInit
 .text.enable_timer6
                0x0000000008001658       0x4c ./Core/Src/timer4_delay.o
                0x0000000008001658                enable_timer6
 .text.Delay_US
                0x00000000080016a4       0x30 ./Core/Src/timer4_delay.o
                0x00000000080016a4                Delay_US
 .text.Reset_Handler
                0x00000000080016d4       0x50 ./Core/Startup/startup_stm32l4a6zgtx.o
                0x00000000080016d4                Reset_Handler
 .text.Default_Handler
                0x0000000008001724        0x2 ./Core/Startup/startup_stm32l4a6zgtx.o
                0x0000000008001724                RTC_Alarm_IRQHandler
                0x0000000008001724                HASH_RNG_IRQHandler
                0x0000000008001724                EXTI2_IRQHandler
                0x0000000008001724                TIM8_TRG_COM_IRQHandler
                0x0000000008001724                TIM8_CC_IRQHandler
                0x0000000008001724                TIM1_CC_IRQHandler
                0x0000000008001724                TSC_IRQHandler
                0x0000000008001724                TAMP_STAMP_IRQHandler
                0x0000000008001724                CAN2_RX1_IRQHandler
                0x0000000008001724                EXTI3_IRQHandler
                0x0000000008001724                LPTIM2_IRQHandler
                0x0000000008001724                DFSDM1_FLT1_IRQHandler
                0x0000000008001724                I2C3_ER_IRQHandler
                0x0000000008001724                DFSDM1_FLT2_IRQHandler
                0x0000000008001724                EXTI0_IRQHandler
                0x0000000008001724                I2C2_EV_IRQHandler
                0x0000000008001724                CAN1_RX0_IRQHandler
                0x0000000008001724                FPU_IRQHandler
                0x0000000008001724                TIM1_UP_TIM16_IRQHandler
                0x0000000008001724                CAN2_SCE_IRQHandler
                0x0000000008001724                ADC1_2_IRQHandler
                0x0000000008001724                SPI1_IRQHandler
                0x0000000008001724                TIM6_DAC_IRQHandler
                0x0000000008001724                DCMI_IRQHandler
                0x0000000008001724                CAN2_RX0_IRQHandler
                0x0000000008001724                TIM8_UP_IRQHandler
                0x0000000008001724                DMA2_Channel2_IRQHandler
                0x0000000008001724                DMA1_Channel4_IRQHandler
                0x0000000008001724                SAI2_IRQHandler
                0x0000000008001724                DFSDM1_FLT3_IRQHandler
                0x0000000008001724                USART3_IRQHandler
                0x0000000008001724                DMA1_Channel7_IRQHandler
                0x0000000008001724                CAN1_RX1_IRQHandler
                0x0000000008001724                LCD_IRQHandler
                0x0000000008001724                UART5_IRQHandler
                0x0000000008001724                ADC3_IRQHandler
                0x0000000008001724                TIM4_IRQHandler
                0x0000000008001724                DMA2_Channel1_IRQHandler
                0x0000000008001724                QUADSPI_IRQHandler
                0x0000000008001724                I2C1_EV_IRQHandler
                0x0000000008001724                DMA1_Channel6_IRQHandler
                0x0000000008001724                UART4_IRQHandler
                0x0000000008001724                DMA2_Channel4_IRQHandler
                0x0000000008001724                TIM3_IRQHandler
                0x0000000008001724                RCC_IRQHandler
                0x0000000008001724                DMA1_Channel1_IRQHandler
                0x0000000008001724                Default_Handler
                0x0000000008001724                DMA2_Channel7_IRQHandler
                0x0000000008001724                EXTI15_10_IRQHandler
                0x0000000008001724                TIM7_IRQHandler
                0x0000000008001724                SDMMC1_IRQHandler
                0x0000000008001724                CAN2_TX_IRQHandler
                0x0000000008001724                TIM5_IRQHandler
                0x0000000008001724                I2C3_EV_IRQHandler
                0x0000000008001724                EXTI9_5_IRQHandler
                0x0000000008001724                RTC_WKUP_IRQHandler
                0x0000000008001724                PVD_PVM_IRQHandler
                0x0000000008001724                SPI2_IRQHandler
                0x0000000008001724                CAN1_TX_IRQHandler
                0x0000000008001724                DMA2_Channel5_IRQHandler
                0x0000000008001724                CRS_IRQHandler
                0x0000000008001724                DMA1_Channel5_IRQHandler
                0x0000000008001724                EXTI4_IRQHandler
                0x0000000008001724                TIM1_TRG_COM_TIM17_IRQHandler
                0x0000000008001724                DMA1_Channel3_IRQHandler
                0x0000000008001724                COMP_IRQHandler
                0x0000000008001724                WWDG_IRQHandler
                0x0000000008001724                I2C4_EV_IRQHandler
                0x0000000008001724                LPUART1_IRQHandler
                0x0000000008001724                DMA2_Channel6_IRQHandler
                0x0000000008001724                TIM2_IRQHandler
                0x0000000008001724                DMA2D_IRQHandler
                0x0000000008001724                EXTI1_IRQHandler
                0x0000000008001724                AES_IRQHandler
                0x0000000008001724                USART2_IRQHandler
                0x0000000008001724                DFSDM1_FLT0_IRQHandler
                0x0000000008001724                I2C2_ER_IRQHandler
                0x0000000008001724                DMA1_Channel2_IRQHandler
                0x0000000008001724                TIM8_BRK_IRQHandler
                0x0000000008001724                CAN1_SCE_IRQHandler
                0x0000000008001724                FLASH_IRQHandler
                0x0000000008001724                USART1_IRQHandler
                0x0000000008001724                OTG_FS_IRQHandler
                0x0000000008001724                SPI3_IRQHandler
                0x0000000008001724                I2C1_ER_IRQHandler
                0x0000000008001724                FMC_IRQHandler
                0x0000000008001724                SWPMI1_IRQHandler
                0x0000000008001724                LPTIM1_IRQHandler
                0x0000000008001724                I2C4_ER_IRQHandler
                0x0000000008001724                SAI1_IRQHandler
                0x0000000008001724                DMA2_Channel3_IRQHandler
                0x0000000008001724                TIM1_BRK_TIM15_IRQHandler
 .text.HAL_Init
                0x0000000008001726       0x30 ./Drivers/STM32L4xx_HAL_Driver/Src/stm32l4xx_hal.o
                0x0000000008001726                HAL_Init
 *fill*         0x0000000008001756        0x2 
 .text.HAL_InitTick
                0x0000000008001758       0x78 ./Drivers/STM32L4xx_HAL_Driver/Src/stm32l4xx_hal.o
                0x0000000008001758                HAL_InitTick
 .text.HAL_IncTick
                0x00000000080017d0       0x28 ./Drivers/STM32L4xx_HAL_Driver/Src/stm32l4xx_hal.o
                0x00000000080017d0                HAL_IncTick
 .text.HAL_GetTick
                0x00000000080017f8       0x18 ./Drivers/STM32L4xx_HAL_Driver/Src/stm32l4xx_hal.o
                0x00000000080017f8                HAL_GetTick
 .text.HAL_Delay
                0x0000000008001810       0x48 ./Drivers/STM32L4xx_HAL_Driver/Src/stm32l4xx_hal.o
                0x0000000008001810                HAL_Delay
 .text.__NVIC_SetPriorityGrouping
                0x0000000008001858       0x48 ./Drivers/STM32L4xx_HAL_Driver/Src/stm32l4xx_hal_cortex.o
 .text.__NVIC_GetPriorityGrouping
                0x00000000080018a0       0x1c ./Drivers/STM32L4xx_HAL_Driver/Src/stm32l4xx_hal_cortex.o
 .text.__NVIC_SetPriority
                0x00000000080018bc       0x54 ./Drivers/STM32L4xx_HAL_Driver/Src/stm32l4xx_hal_cortex.o
 .text.NVIC_EncodePriority
                0x0000000008001910       0x66 ./Drivers/STM32L4xx_HAL_Driver/Src/stm32l4xx_hal_cortex.o
 *fill*         0x0000000008001976        0x2 
 .text.SysTick_Config
                0x0000000008001978       0x44 ./Drivers/STM32L4xx_HAL_Driver/Src/stm32l4xx_hal_cortex.o
 .text.HAL_NVIC_SetPriorityGrouping
                0x00000000080019bc       0x16 ./Drivers/STM32L4xx_HAL_Driver/Src/stm32l4xx_hal_cortex.o
                0x00000000080019bc                HAL_NVIC_SetPriorityGrouping
 .text.HAL_NVIC_SetPriority
                0x00000000080019d2       0x38 ./Drivers/STM32L4xx_HAL_Driver/Src/stm32l4xx_hal_cortex.o
                0x00000000080019d2                HAL_NVIC_SetPriority
 .text.HAL_SYSTICK_Config
                0x0000000008001a0a       0x18 ./Drivers/STM32L4xx_HAL_Driver/Src/stm32l4xx_hal_cortex.o
                0x0000000008001a0a                HAL_SYSTICK_Config
 *fill*         0x0000000008001a22        0x2 
 .text.HAL_GPIO_Init
                0x0000000008001a24      0x324 ./Drivers/STM32L4xx_HAL_Driver/Src/stm32l4xx_hal_gpio.o
                0x0000000008001a24                HAL_GPIO_Init
 .text.HAL_GPIO_WritePin
                0x0000000008001d48       0x30 ./Drivers/STM32L4xx_HAL_Driver/Src/stm32l4xx_hal_gpio.o
                0x0000000008001d48                HAL_GPIO_WritePin
 .text.HAL_PCD_Init
                0x0000000008001d78      0x248 ./Drivers/STM32L4xx_HAL_Driver/Src/stm32l4xx_hal_pcd.o
                0x0000000008001d78                HAL_PCD_Init
 .text.HAL_PCDEx_ActivateLPM
                0x0000000008001fc0       0x48 ./Drivers/STM32L4xx_HAL_Driver/Src/stm32l4xx_hal_pcd_ex.o
                0x0000000008001fc0                HAL_PCDEx_ActivateLPM
 .text.HAL_PWR_EnableBkUpAccess
                0x0000000008002008       0x20 ./Drivers/STM32L4xx_HAL_Driver/Src/stm32l4xx_hal_pwr.o
                0x0000000008002008                HAL_PWR_EnableBkUpAccess
 .text.HAL_PWREx_GetVoltageRange
                0x0000000008002028       0x1c ./Drivers/STM32L4xx_HAL_Driver/Src/stm32l4xx_hal_pwr_ex.o
                0x0000000008002028                HAL_PWREx_GetVoltageRange
 .text.HAL_PWREx_ControlVoltageScaling
                0x0000000008002044       0xac ./Drivers/STM32L4xx_HAL_Driver/Src/stm32l4xx_hal_pwr_ex.o
                0x0000000008002044                HAL_PWREx_ControlVoltageScaling
 .text.HAL_PWREx_EnableVddUSB
                0x00000000080020f0       0x20 ./Drivers/STM32L4xx_HAL_Driver/Src/stm32l4xx_hal_pwr_ex.o
                0x00000000080020f0                HAL_PWREx_EnableVddUSB
 .text.HAL_PWREx_EnableVddIO2
                0x0000000008002110       0x20 ./Drivers/STM32L4xx_HAL_Driver/Src/stm32l4xx_hal_pwr_ex.o
                0x0000000008002110                HAL_PWREx_EnableVddIO2
 .text.HAL_RCC_OscConfig
                0x0000000008002130      0x834 ./Drivers/STM32L4xx_HAL_Driver/Src/stm32l4xx_hal_rcc.o
                0x0000000008002130                HAL_RCC_OscConfig
 .text.HAL_RCC_ClockConfig
                0x0000000008002964      0x200 ./Drivers/STM32L4xx_HAL_Driver/Src/stm32l4xx_hal_rcc.o
                0x0000000008002964                HAL_RCC_ClockConfig
 .text.HAL_RCC_GetSysClockFreq
                0x0000000008002b64      0x118 ./Drivers/STM32L4xx_HAL_Driver/Src/stm32l4xx_hal_rcc.o
                0x0000000008002b64                HAL_RCC_GetSysClockFreq
 .text.HAL_RCC_GetHCLKFreq
                0x0000000008002c7c       0x18 ./Drivers/STM32L4xx_HAL_Driver/Src/stm32l4xx_hal_rcc.o
                0x0000000008002c7c                HAL_RCC_GetHCLKFreq
 .text.HAL_RCC_GetPCLK1Freq
                0x0000000008002c94       0x2c ./Drivers/STM32L4xx_HAL_Driver/Src/stm32l4xx_hal_rcc.o
                0x0000000008002c94                HAL_RCC_GetPCLK1Freq
 .text.HAL_RCC_GetPCLK2Freq
                0x0000000008002cc0       0x2c ./Drivers/STM32L4xx_HAL_Driver/Src/stm32l4xx_hal_rcc.o
                0x0000000008002cc0                HAL_RCC_GetPCLK2Freq
 .text.RCC_SetFlashLatencyFromMSIRange
                0x0000000008002cec       0xc0 ./Drivers/STM32L4xx_HAL_Driver/Src/stm32l4xx_hal_rcc.o
 .text.HAL_RCCEx_PeriphCLKConfig
                0x0000000008002dac      0x5f8 ./Drivers/STM32L4xx_HAL_Driver/Src/stm32l4xx_hal_rcc_ex.o
                0x0000000008002dac                HAL_RCCEx_PeriphCLKConfig
 .text.HAL_RCCEx_EnableMSIPLLMode
                0x00000000080033a4       0x20 ./Drivers/STM32L4xx_HAL_Driver/Src/stm32l4xx_hal_rcc_ex.o
                0x00000000080033a4                HAL_RCCEx_EnableMSIPLLMode
 .text.RCCEx_PLLSAI1_Config
                0x00000000080033c4      0x1e4 ./Drivers/STM32L4xx_HAL_Driver/Src/stm32l4xx_hal_rcc_ex.o
 .text.RCCEx_PLLSAI2_Config
                0x00000000080035a8      0x1b8 ./Drivers/STM32L4xx_HAL_Driver/Src/stm32l4xx_hal_rcc_ex.o
 .text.HAL_SPI_Init
                0x0000000008003760      0x146 ./Drivers/STM32L4xx_HAL_Driver/Src/stm32l4xx_hal_spi.o
                0x0000000008003760                HAL_SPI_Init
 .text.HAL_UART_Init
                0x00000000080038a6       0x9c ./Drivers/STM32L4xx_HAL_Driver/Src/stm32l4xx_hal_uart.o
                0x00000000080038a6                HAL_UART_Init
 *fill*         0x0000000008003942        0x2 
 .text.UART_SetConfig
                0x0000000008003944      0x570 ./Drivers/STM32L4xx_HAL_Driver/Src/stm32l4xx_hal_uart.o
                0x0000000008003944                UART_SetConfig
 .text.UART_AdvFeatureConfig
                0x0000000008003eb4      0x144 ./Drivers/STM32L4xx_HAL_Driver/Src/stm32l4xx_hal_uart.o
                0x0000000008003eb4                UART_AdvFeatureConfig
 .text.UART_CheckIdleState
                0x0000000008003ff8       0x92 ./Drivers/STM32L4xx_HAL_Driver/Src/stm32l4xx_hal_uart.o
                0x0000000008003ff8                UART_CheckIdleState
 .text.UART_WaitOnFlagUntilTimeout
                0x000000000800408a      0x188 ./Drivers/STM32L4xx_HAL_Driver/Src/stm32l4xx_hal_uart.o
                0x000000000800408a                UART_WaitOnFlagUntilTimeout
 .text.USB_CoreInit
                0x0000000008004212       0x58 ./Drivers/STM32L4xx_HAL_Driver/Src/stm32l4xx_ll_usb.o
                0x0000000008004212                USB_CoreInit
 .text.USB_DisableGlobalInt
                0x000000000800426a       0x22 ./Drivers/STM32L4xx_HAL_Driver/Src/stm32l4xx_ll_usb.o
                0x000000000800426a                USB_DisableGlobalInt
 .text.USB_SetCurrentMode
                0x000000000800428c       0x98 ./Drivers/STM32L4xx_HAL_Driver/Src/stm32l4xx_ll_usb.o
                0x000000000800428c                USB_SetCurrentMode
 .text.USB_DevInit
                0x0000000008004324      0x298 ./Drivers/STM32L4xx_HAL_Driver/Src/stm32l4xx_ll_usb.o
                0x0000000008004324                USB_DevInit
 .text.USB_FlushTxFifo
                0x00000000080045bc       0x68 ./Drivers/STM32L4xx_HAL_Driver/Src/stm32l4xx_ll_usb.o
                0x00000000080045bc                USB_FlushTxFifo
 .text.USB_FlushRxFifo
                0x0000000008004624       0x60 ./Drivers/STM32L4xx_HAL_Driver/Src/stm32l4xx_ll_usb.o
                0x0000000008004624                USB_FlushRxFifo
 .text.USB_SetDevSpeed
                0x0000000008004684       0x32 ./Drivers/STM32L4xx_HAL_Driver/Src/stm32l4xx_ll_usb.o
                0x0000000008004684                USB_SetDevSpeed
 .text.USB_DevDisconnect
                0x00000000080046b6       0x42 ./Drivers/STM32L4xx_HAL_Driver/Src/stm32l4xx_ll_usb.o
                0x00000000080046b6                USB_DevDisconnect
 .text.USB_GetMode
                0x00000000080046f8       0x1c ./Drivers/STM32L4xx_HAL_Driver/Src/stm32l4xx_ll_usb.o
                0x00000000080046f8                USB_GetMode
 .text.USB_CoreReset
                0x0000000008004714       0x68 ./Drivers/STM32L4xx_HAL_Driver/Src/stm32l4xx_ll_usb.o
 .text.__libc_init_array
                0x000000000800477c       0x48 c:/st/stm32cubeide_1.10.1/stm32cubeide/plugins/com.st.stm32cube.ide.mcu.externaltools.gnu-tools-for-stm32.10.3-2021.10.win32_1.0.0.202111181127/tools/bin/../lib/gcc/arm-none-eabi/10.3.1/../../../../arm-none-eabi/lib/thumb/v7e-m+fp/hard\libc_nano.a(lib_a-init.o)
                0x000000000800477c                __libc_init_array
 .text.memset   0x00000000080047c4       0x10 c:/st/stm32cubeide_1.10.1/stm32cubeide/plugins/com.st.stm32cube.ide.mcu.externaltools.gnu-tools-for-stm32.10.3-2021.10.win32_1.0.0.202111181127/tools/bin/../lib/gcc/arm-none-eabi/10.3.1/../../../../arm-none-eabi/lib/thumb/v7e-m+fp/hard\libc_nano.a(lib_a-memset.o)
                0x00000000080047c4                memset
 *(.glue_7)
 .glue_7        0x00000000080047d4        0x0 linker stubs
 *(.glue_7t)
 .glue_7t       0x00000000080047d4        0x0 linker stubs
 *(.eh_frame)
 .eh_frame      0x00000000080047d4        0x0 c:/st/stm32cubeide_1.10.1/stm32cubeide/plugins/com.st.stm32cube.ide.mcu.externaltools.gnu-tools-for-stm32.10.3-2021.10.win32_1.0.0.202111181127/tools/bin/../lib/gcc/arm-none-eabi/10.3.1/thumb/v7e-m+fp/hard/crtbegin.o
 *(.init)
 .init          0x00000000080047d4        0x4 c:/st/stm32cubeide_1.10.1/stm32cubeide/plugins/com.st.stm32cube.ide.mcu.externaltools.gnu-tools-for-stm32.10.3-2021.10.win32_1.0.0.202111181127/tools/bin/../lib/gcc/arm-none-eabi/10.3.1/thumb/v7e-m+fp/hard/crti.o
                0x00000000080047d4                _init
 .init          0x00000000080047d8        0x8 c:/st/stm32cubeide_1.10.1/stm32cubeide/plugins/com.st.stm32cube.ide.mcu.externaltools.gnu-tools-for-stm32.10.3-2021.10.win32_1.0.0.202111181127/tools/bin/../lib/gcc/arm-none-eabi/10.3.1/thumb/v7e-m+fp/hard/crtn.o
 *(.fini)
 .fini          0x00000000080047e0        0x4 c:/st/stm32cubeide_1.10.1/stm32cubeide/plugins/com.st.stm32cube.ide.mcu.externaltools.gnu-tools-for-stm32.10.3-2021.10.win32_1.0.0.202111181127/tools/bin/../lib/gcc/arm-none-eabi/10.3.1/thumb/v7e-m+fp/hard/crti.o
                0x00000000080047e0                _fini
 .fini          0x00000000080047e4        0x8 c:/st/stm32cubeide_1.10.1/stm32cubeide/plugins/com.st.stm32cube.ide.mcu.externaltools.gnu-tools-for-stm32.10.3-2021.10.win32_1.0.0.202111181127/tools/bin/../lib/gcc/arm-none-eabi/10.3.1/thumb/v7e-m+fp/hard/crtn.o
                0x00000000080047ec                . = ALIGN (0x4)
                0x00000000080047ec                _etext = .

.vfp11_veneer   0x00000000080047ec        0x0
 .vfp11_veneer  0x00000000080047ec        0x0 linker stubs

.v4_bx          0x00000000080047ec        0x0
 .v4_bx         0x00000000080047ec        0x0 linker stubs

.iplt           0x00000000080047ec        0x0
 .iplt          0x00000000080047ec        0x0 c:/st/stm32cubeide_1.10.1/stm32cubeide/plugins/com.st.stm32cube.ide.mcu.externaltools.gnu-tools-for-stm32.10.3-2021.10.win32_1.0.0.202111181127/tools/bin/../lib/gcc/arm-none-eabi/10.3.1/thumb/v7e-m+fp/hard/crtbegin.o

.rodata         0x00000000080047ec       0x54
                0x00000000080047ec                . = ALIGN (0x4)
 *(.rodata)
 .rodata        0x00000000080047ec        0x9 ./Core/Src/main.o
 *(.rodata*)
 *fill*         0x00000000080047f5        0x3 
 .rodata.AHBPrescTable
                0x00000000080047f8       0x10 ./Core/Src/system_stm32l4xx.o
                0x00000000080047f8                AHBPrescTable
 .rodata.APBPrescTable
                0x0000000008004808        0x8 ./Core/Src/system_stm32l4xx.o
                0x0000000008004808                APBPrescTable
 .rodata.MSIRangeTable
                0x0000000008004810       0x30 ./Core/Src/system_stm32l4xx.o
                0x0000000008004810                MSIRangeTable
                0x0000000008004840                . = ALIGN (0x4)

.ARM.extab      0x0000000008004840        0x0
                0x0000000008004840                . = ALIGN (0x4)
 *(.ARM.extab* .gnu.linkonce.armextab.*)
                0x0000000008004840                . = ALIGN (0x4)

.ARM            0x0000000008004840        0x8
                0x0000000008004840                . = ALIGN (0x4)
                0x0000000008004840                __exidx_start = .
 *(.ARM.exidx*)
 .ARM.exidx     0x0000000008004840        0x8 c:/st/stm32cubeide_1.10.1/stm32cubeide/plugins/com.st.stm32cube.ide.mcu.externaltools.gnu-tools-for-stm32.10.3-2021.10.win32_1.0.0.202111181127/tools/bin/../lib/gcc/arm-none-eabi/10.3.1/thumb/v7e-m+fp/hard\libgcc.a(_udivmoddi4.o)
                0x0000000008004848                __exidx_end = .
                0x0000000008004848                . = ALIGN (0x4)

.rel.dyn        0x0000000008004848        0x0
 .rel.iplt      0x0000000008004848        0x0 c:/st/stm32cubeide_1.10.1/stm32cubeide/plugins/com.st.stm32cube.ide.mcu.externaltools.gnu-tools-for-stm32.10.3-2021.10.win32_1.0.0.202111181127/tools/bin/../lib/gcc/arm-none-eabi/10.3.1/thumb/v7e-m+fp/hard/crtbegin.o

.preinit_array  0x0000000008004848        0x0
                0x0000000008004848                . = ALIGN (0x4)
                0x0000000008004848                PROVIDE (__preinit_array_start = .)
 *(.preinit_array*)
                0x0000000008004848                PROVIDE (__preinit_array_end = .)
                0x0000000008004848                . = ALIGN (0x4)

.init_array     0x0000000008004848        0x4
                0x0000000008004848                . = ALIGN (0x4)
                0x0000000008004848                PROVIDE (__init_array_start = .)
 *(SORT_BY_NAME(.init_array.*))
 *(.init_array*)
 .init_array    0x0000000008004848        0x4 c:/st/stm32cubeide_1.10.1/stm32cubeide/plugins/com.st.stm32cube.ide.mcu.externaltools.gnu-tools-for-stm32.10.3-2021.10.win32_1.0.0.202111181127/tools/bin/../lib/gcc/arm-none-eabi/10.3.1/thumb/v7e-m+fp/hard/crtbegin.o
                0x000000000800484c                PROVIDE (__init_array_end = .)
                0x000000000800484c                . = ALIGN (0x4)

.fini_array     0x000000000800484c        0x4
                0x000000000800484c                . = ALIGN (0x4)
                [!provide]                        PROVIDE (__fini_array_start = .)
 *(SORT_BY_NAME(.fini_array.*))
 *(.fini_array*)
 .fini_array    0x000000000800484c        0x4 c:/st/stm32cubeide_1.10.1/stm32cubeide/plugins/com.st.stm32cube.ide.mcu.externaltools.gnu-tools-for-stm32.10.3-2021.10.win32_1.0.0.202111181127/tools/bin/../lib/gcc/arm-none-eabi/10.3.1/thumb/v7e-m+fp/hard/crtbegin.o
                [!provide]                        PROVIDE (__fini_array_end = .)
                0x0000000008004850                . = ALIGN (0x4)
                0x0000000008004850                _sidata = LOADADDR (.data)

.data           0x0000000020000000    0x15a8c load address 0x0000000008004850
                0x0000000020000000                . = ALIGN (0x4)
                0x0000000020000000                _sdata = .
 *(.data)
 *(.data*)
 .data.db1      0x0000000020000000    0x14040 ./Core/Src/functional_image_alog.o
                0x0000000020000000                db1
 .data.db2      0x0000000020014040     0x1a40 ./Core/Src/functional_image_alog.o
                0x0000000020014040                db2
 .data.SystemCoreClock
                0x0000000020015a80        0x4 ./Core/Src/system_stm32l4xx.o
                0x0000000020015a80                SystemCoreClock
 .data.uwTickPrio
                0x0000000020015a84        0x4 ./Drivers/STM32L4xx_HAL_Driver/Src/stm32l4xx_hal.o
                0x0000000020015a84                uwTickPrio
 .data.uwTickFreq
                0x0000000020015a88        0x1 ./Drivers/STM32L4xx_HAL_Driver/Src/stm32l4xx_hal.o
                0x0000000020015a88                uwTickFreq
 *(.RamFunc)
 *(.RamFunc*)
                0x0000000020015a8c                . = ALIGN (0x4)
 *fill*         0x0000000020015a89        0x3 
                0x0000000020015a8c                _edata = .

.igot.plt       0x0000000020015a8c        0x0 load address 0x000000000801a2dc
 .igot.plt      0x0000000020015a8c        0x0 c:/st/stm32cubeide_1.10.1/stm32cubeide/plugins/com.st.stm32cube.ide.mcu.externaltools.gnu-tools-for-stm32.10.3-2021.10.win32_1.0.0.202111181127/tools/bin/../lib/gcc/arm-none-eabi/10.3.1/thumb/v7e-m+fp/hard/crtbegin.o
                0x0000000020015a8c                . = ALIGN (0x4)

.bss            0x0000000020015a8c      0x618 load address 0x000000000801a2dc
                0x0000000020015a8c                _sbss = .
                0x0000000020015a8c                __bss_start__ = _sbss
 *(.bss)
 .bss           0x0000000020015a8c       0x1c c:/st/stm32cubeide_1.10.1/stm32cubeide/plugins/com.st.stm32cube.ide.mcu.externaltools.gnu-tools-for-stm32.10.3-2021.10.win32_1.0.0.202111181127/tools/bin/../lib/gcc/arm-none-eabi/10.3.1/thumb/v7e-m+fp/hard/crtbegin.o
 *(.bss*)
 .bss.RX_data.0
                0x0000000020015aa8        0x2 ./Core/Src/cbus.o
 *fill*         0x0000000020015aaa        0x2 
 .bss.hlpuart1  0x0000000020015aac       0x84 ./Core/Src/main.o
                0x0000000020015aac                hlpuart1
 .bss.hspi1     0x0000000020015b30       0x64 ./Core/Src/main.o
                0x0000000020015b30                hspi1
 .bss.hpcd_USB_OTG_FS
                0x0000000020015b94      0x50c ./Core/Src/main.o
                0x0000000020015b94                hpcd_USB_OTG_FS
 .bss.uwTick    0x00000000200160a0        0x4 ./Drivers/STM32L4xx_HAL_Driver/Src/stm32l4xx_hal.o
                0x00000000200160a0                uwTick
 *(COMMON)
                0x00000000200160a4                . = ALIGN (0x4)
                0x00000000200160a4                _ebss = .
                0x00000000200160a4                __bss_end__ = _ebss

._user_heap_stack
                0x00000000200160a4      0x604 load address 0x000000000801a2dc
                0x00000000200160a8                . = ALIGN (0x8)
 *fill*         0x00000000200160a4        0x4 
                [!provide]                        PROVIDE (end = .)
                0x00000000200160a8                PROVIDE (_end = .)
                0x00000000200162a8                . = (. + _Min_Heap_Size)
 *fill*         0x00000000200160a8      0x200 
                0x00000000200166a8                . = (. + _Min_Stack_Size)
 *fill*         0x00000000200162a8      0x400 
                0x00000000200166a8                . = ALIGN (0x8)

/DISCARD/
 libc.a(*)
 libm.a(*)
 libgcc.a(*)

.ARM.attributes
                0x0000000000000000       0x30
 *(.ARM.attributes)
 .ARM.attributes
                0x0000000000000000       0x1e c:/st/stm32cubeide_1.10.1/stm32cubeide/plugins/com.st.stm32cube.ide.mcu.externaltools.gnu-tools-for-stm32.10.3-2021.10.win32_1.0.0.202111181127/tools/bin/../lib/gcc/arm-none-eabi/10.3.1/thumb/v7e-m+fp/hard/crti.o
 .ARM.attributes
                0x000000000000001e       0x34 c:/st/stm32cubeide_1.10.1/stm32cubeide/plugins/com.st.stm32cube.ide.mcu.externaltools.gnu-tools-for-stm32.10.3-2021.10.win32_1.0.0.202111181127/tools/bin/../lib/gcc/arm-none-eabi/10.3.1/thumb/v7e-m+fp/hard/crtbegin.o
 .ARM.attributes
                0x0000000000000052       0x34 ./Core/Src/cbus.o
 .ARM.attributes
                0x0000000000000086       0x34 ./Core/Src/functional_image_alog.o
 .ARM.attributes
                0x00000000000000ba       0x34 ./Core/Src/main.o
 .ARM.attributes
                0x00000000000000ee       0x34 ./Core/Src/stm32l4xx_hal_msp.o
 .ARM.attributes
                0x0000000000000122       0x34 ./Core/Src/stm32l4xx_it.o
 .ARM.attributes
                0x0000000000000156       0x34 ./Core/Src/system_stm32l4xx.o
 .ARM.attributes
                0x000000000000018a       0x34 ./Core/Src/timer4_delay.o
 .ARM.attributes
                0x00000000000001be       0x21 ./Core/Startup/startup_stm32l4a6zgtx.o
 .ARM.attributes
                0x00000000000001df       0x34 ./Drivers/STM32L4xx_HAL_Driver/Src/stm32l4xx_hal.o
 .ARM.attributes
                0x0000000000000213       0x34 ./Drivers/STM32L4xx_HAL_Driver/Src/stm32l4xx_hal_cortex.o
 .ARM.attributes
                0x0000000000000247       0x34 ./Drivers/STM32L4xx_HAL_Driver/Src/stm32l4xx_hal_gpio.o
 .ARM.attributes
                0x000000000000027b       0x34 ./Drivers/STM32L4xx_HAL_Driver/Src/stm32l4xx_hal_pcd.o
 .ARM.attributes
                0x00000000000002af       0x34 ./Drivers/STM32L4xx_HAL_Driver/Src/stm32l4xx_hal_pcd_ex.o
 .ARM.attributes
                0x00000000000002e3       0x34 ./Drivers/STM32L4xx_HAL_Driver/Src/stm32l4xx_hal_pwr.o
 .ARM.attributes
                0x0000000000000317       0x34 ./Drivers/STM32L4xx_HAL_Driver/Src/stm32l4xx_hal_pwr_ex.o
 .ARM.attributes
                0x000000000000034b       0x34 ./Drivers/STM32L4xx_HAL_Driver/Src/stm32l4xx_hal_rcc.o
 .ARM.attributes
                0x000000000000037f       0x34 ./Drivers/STM32L4xx_HAL_Driver/Src/stm32l4xx_hal_rcc_ex.o
 .ARM.attributes
                0x00000000000003b3       0x34 ./Drivers/STM32L4xx_HAL_Driver/Src/stm32l4xx_hal_spi.o
 .ARM.attributes
                0x00000000000003e7       0x34 ./Drivers/STM32L4xx_HAL_Driver/Src/stm32l4xx_hal_uart.o
 .ARM.attributes
                0x000000000000041b       0x34 ./Drivers/STM32L4xx_HAL_Driver/Src/stm32l4xx_ll_usb.o
 .ARM.attributes
                0x000000000000044f       0x34 c:/st/stm32cubeide_1.10.1/stm32cubeide/plugins/com.st.stm32cube.ide.mcu.externaltools.gnu-tools-for-stm32.10.3-2021.10.win32_1.0.0.202111181127/tools/bin/../lib/gcc/arm-none-eabi/10.3.1/../../../../arm-none-eabi/lib/thumb/v7e-m+fp/hard\libc_nano.a(lib_a-init.o)
 .ARM.attributes
                0x0000000000000483       0x34 c:/st/stm32cubeide_1.10.1/stm32cubeide/plugins/com.st.stm32cube.ide.mcu.externaltools.gnu-tools-for-stm32.10.3-2021.10.win32_1.0.0.202111181127/tools/bin/../lib/gcc/arm-none-eabi/10.3.1/../../../../arm-none-eabi/lib/thumb/v7e-m+fp/hard\libc_nano.a(lib_a-memset.o)
 .ARM.attributes
                0x00000000000004b7       0x1e c:/st/stm32cubeide_1.10.1/stm32cubeide/plugins/com.st.stm32cube.ide.mcu.externaltools.gnu-tools-for-stm32.10.3-2021.10.win32_1.0.0.202111181127/tools/bin/../lib/gcc/arm-none-eabi/10.3.1/thumb/v7e-m+fp/hard\libgcc.a(_aeabi_uldivmod.o)
 .ARM.attributes
                0x00000000000004d5       0x34 c:/st/stm32cubeide_1.10.1/stm32cubeide/plugins/com.st.stm32cube.ide.mcu.externaltools.gnu-tools-for-stm32.10.3-2021.10.win32_1.0.0.202111181127/tools/bin/../lib/gcc/arm-none-eabi/10.3.1/thumb/v7e-m+fp/hard\libgcc.a(_udivmoddi4.o)
 .ARM.attributes
                0x0000000000000509       0x1e c:/st/stm32cubeide_1.10.1/stm32cubeide/plugins/com.st.stm32cube.ide.mcu.externaltools.gnu-tools-for-stm32.10.3-2021.10.win32_1.0.0.202111181127/tools/bin/../lib/gcc/arm-none-eabi/10.3.1/thumb/v7e-m+fp/hard\libgcc.a(_dvmd_tls.o)
 .ARM.attributes
                0x0000000000000527       0x1e c:/st/stm32cubeide_1.10.1/stm32cubeide/plugins/com.st.stm32cube.ide.mcu.externaltools.gnu-tools-for-stm32.10.3-2021.10.win32_1.0.0.202111181127/tools/bin/../lib/gcc/arm-none-eabi/10.3.1/thumb/v7e-m+fp/hard/crtn.o
OUTPUT(spi_cbus_codec_2.0.elf elf32-littlearm)
LOAD linker stubs
LOAD c:/st/stm32cubeide_1.10.1/stm32cubeide/plugins/com.st.stm32cube.ide.mcu.externaltools.gnu-tools-for-stm32.10.3-2021.10.win32_1.0.0.202111181127/tools/bin/../lib/gcc/arm-none-eabi/10.3.1/../../../../arm-none-eabi/lib/thumb/v7e-m+fp/hard\libc.a
LOAD c:/st/stm32cubeide_1.10.1/stm32cubeide/plugins/com.st.stm32cube.ide.mcu.externaltools.gnu-tools-for-stm32.10.3-2021.10.win32_1.0.0.202111181127/tools/bin/../lib/gcc/arm-none-eabi/10.3.1/../../../../arm-none-eabi/lib/thumb/v7e-m+fp/hard\libm.a
LOAD c:/st/stm32cubeide_1.10.1/stm32cubeide/plugins/com.st.stm32cube.ide.mcu.externaltools.gnu-tools-for-stm32.10.3-2021.10.win32_1.0.0.202111181127/tools/bin/../lib/gcc/arm-none-eabi/10.3.1/thumb/v7e-m+fp/hard\libgcc.a

.debug_info     0x0000000000000000    0x12ad6
 .debug_info    0x0000000000000000      0xa08 ./Core/Src/cbus.o
 .debug_info    0x0000000000000a08      0x43a ./Core/Src/functional_image_alog.o
 .debug_info    0x0000000000000e42     0x17b5 ./Core/Src/main.o
 .debug_info    0x00000000000025f7     0x1692 ./Core/Src/stm32l4xx_hal_msp.o
 .debug_info    0x0000000000003c89      0x122 ./Core/Src/stm32l4xx_it.o
 .debug_info    0x0000000000003dab      0x5e2 ./Core/Src/system_stm32l4xx.o
 .debug_info    0x000000000000438d      0x4c4 ./Core/Src/timer4_delay.o
 .debug_info    0x0000000000004851       0x22 ./Core/Startup/startup_stm32l4a6zgtx.o
 .debug_info    0x0000000000004873      0xb9b ./Drivers/STM32L4xx_HAL_Driver/Src/stm32l4xx_hal.o
 .debug_info    0x000000000000540e      0xe5d ./Drivers/STM32L4xx_HAL_Driver/Src/stm32l4xx_hal_cortex.o
 .debug_info    0x000000000000626b      0x83d ./Drivers/STM32L4xx_HAL_Driver/Src/stm32l4xx_hal_gpio.o
 .debug_info    0x0000000000006aa8     0x1609 ./Drivers/STM32L4xx_HAL_Driver/Src/stm32l4xx_hal_pcd.o
 .debug_info    0x00000000000080b1      0x8e6 ./Drivers/STM32L4xx_HAL_Driver/Src/stm32l4xx_hal_pcd_ex.o
 .debug_info    0x0000000000008997      0x988 ./Drivers/STM32L4xx_HAL_Driver/Src/stm32l4xx_hal_pwr.o
 .debug_info    0x000000000000931f      0x9e6 ./Drivers/STM32L4xx_HAL_Driver/Src/stm32l4xx_hal_pwr_ex.o
 .debug_info    0x0000000000009d05      0xd17 ./Drivers/STM32L4xx_HAL_Driver/Src/stm32l4xx_hal_rcc.o
 .debug_info    0x000000000000aa1c     0x1148 ./Drivers/STM32L4xx_HAL_Driver/Src/stm32l4xx_hal_rcc_ex.o
 .debug_info    0x000000000000bb64     0x1782 ./Drivers/STM32L4xx_HAL_Driver/Src/stm32l4xx_hal_spi.o
 .debug_info    0x000000000000d2e6     0x3d2a ./Drivers/STM32L4xx_HAL_Driver/Src/stm32l4xx_hal_uart.o
 .debug_info    0x0000000000011010     0x1ac6 ./Drivers/STM32L4xx_HAL_Driver/Src/stm32l4xx_ll_usb.o

.debug_abbrev   0x0000000000000000     0x2905
 .debug_abbrev  0x0000000000000000      0x252 ./Core/Src/cbus.o
 .debug_abbrev  0x0000000000000252      0x1cc ./Core/Src/functional_image_alog.o
 .debug_abbrev  0x000000000000041e      0x359 ./Core/Src/main.o
 .debug_abbrev  0x0000000000000777      0x256 ./Core/Src/stm32l4xx_hal_msp.o
 .debug_abbrev  0x00000000000009cd       0x74 ./Core/Src/stm32l4xx_it.o
 .debug_abbrev  0x0000000000000a41      0x116 ./Core/Src/system_stm32l4xx.o
 .debug_abbrev  0x0000000000000b57       0xdb ./Core/Src/timer4_delay.o
 .debug_abbrev  0x0000000000000c32       0x12 ./Core/Startup/startup_stm32l4a6zgtx.o
 .debug_abbrev  0x0000000000000c44      0x23a ./Drivers/STM32L4xx_HAL_Driver/Src/stm32l4xx_hal.o
 .debug_abbrev  0x0000000000000e7e      0x316 ./Drivers/STM32L4xx_HAL_Driver/Src/stm32l4xx_hal_cortex.o
 .debug_abbrev  0x0000000000001194      0x1bb ./Drivers/STM32L4xx_HAL_Driver/Src/stm32l4xx_hal_gpio.o
 .debug_abbrev  0x000000000000134f      0x2b4 ./Drivers/STM32L4xx_HAL_Driver/Src/stm32l4xx_hal_pcd.o
 .debug_abbrev  0x0000000000001603      0x24a ./Drivers/STM32L4xx_HAL_Driver/Src/stm32l4xx_hal_pcd_ex.o
 .debug_abbrev  0x000000000000184d      0x1c9 ./Drivers/STM32L4xx_HAL_Driver/Src/stm32l4xx_hal_pwr.o
 .debug_abbrev  0x0000000000001a16      0x1f3 ./Drivers/STM32L4xx_HAL_Driver/Src/stm32l4xx_hal_pwr_ex.o
 .debug_abbrev  0x0000000000001c09      0x2bd ./Drivers/STM32L4xx_HAL_Driver/Src/stm32l4xx_hal_rcc.o
 .debug_abbrev  0x0000000000001ec6      0x299 ./Drivers/STM32L4xx_HAL_Driver/Src/stm32l4xx_hal_rcc_ex.o
 .debug_abbrev  0x000000000000215f      0x254 ./Drivers/STM32L4xx_HAL_Driver/Src/stm32l4xx_hal_spi.o
 .debug_abbrev  0x00000000000023b3      0x2bc ./Drivers/STM32L4xx_HAL_Driver/Src/stm32l4xx_hal_uart.o
 .debug_abbrev  0x000000000000266f      0x296 ./Drivers/STM32L4xx_HAL_Driver/Src/stm32l4xx_ll_usb.o

.debug_aranges  0x0000000000000000      0xff8
 .debug_aranges
                0x0000000000000000       0xc0 ./Core/Src/cbus.o
 .debug_aranges
                0x00000000000000c0       0x50 ./Core/Src/functional_image_alog.o
 .debug_aranges
                0x0000000000000110       0x68 ./Core/Src/main.o
 .debug_aranges
                0x0000000000000178       0x50 ./Core/Src/stm32l4xx_hal_msp.o
 .debug_aranges
                0x00000000000001c8       0x60 ./Core/Src/stm32l4xx_it.o
 .debug_aranges
                0x0000000000000228       0x28 ./Core/Src/system_stm32l4xx.o
 .debug_aranges
                0x0000000000000250       0x28 ./Core/Src/timer4_delay.o
 .debug_aranges
                0x0000000000000278       0x28 ./Core/Startup/startup_stm32l4a6zgtx.o
 .debug_aranges
                0x00000000000002a0      0x130 ./Drivers/STM32L4xx_HAL_Driver/Src/stm32l4xx_hal.o
 .debug_aranges
                0x00000000000003d0      0x118 ./Drivers/STM32L4xx_HAL_Driver/Src/stm32l4xx_hal_cortex.o
 .debug_aranges
                0x00000000000004e8       0x58 ./Drivers/STM32L4xx_HAL_Driver/Src/stm32l4xx_hal_gpio.o
 .debug_aranges
                0x0000000000000540      0x138 ./Drivers/STM32L4xx_HAL_Driver/Src/stm32l4xx_hal_pcd.o
 .debug_aranges
                0x0000000000000678       0x60 ./Drivers/STM32L4xx_HAL_Driver/Src/stm32l4xx_hal_pcd_ex.o
 .debug_aranges
                0x00000000000006d8       0x98 ./Drivers/STM32L4xx_HAL_Driver/Src/stm32l4xx_hal_pwr.o
 .debug_aranges
                0x0000000000000770      0x150 ./Drivers/STM32L4xx_HAL_Driver/Src/stm32l4xx_hal_pwr_ex.o
 .debug_aranges
                0x00000000000008c0       0x90 ./Drivers/STM32L4xx_HAL_Driver/Src/stm32l4xx_hal_rcc.o
 .debug_aranges
                0x0000000000000950      0x108 ./Drivers/STM32L4xx_HAL_Driver/Src/stm32l4xx_hal_rcc_ex.o
 .debug_aranges
                0x0000000000000a58      0x1d8 ./Drivers/STM32L4xx_HAL_Driver/Src/stm32l4xx_hal_spi.o
 .debug_aranges
                0x0000000000000c30      0x228 ./Drivers/STM32L4xx_HAL_Driver/Src/stm32l4xx_hal_uart.o
 .debug_aranges
                0x0000000000000e58      0x1a0 ./Drivers/STM32L4xx_HAL_Driver/Src/stm32l4xx_ll_usb.o

.debug_ranges   0x0000000000000000      0xef0
 .debug_ranges  0x0000000000000000       0xb0 ./Core/Src/cbus.o
 .debug_ranges  0x00000000000000b0       0x40 ./Core/Src/functional_image_alog.o
 .debug_ranges  0x00000000000000f0       0x58 ./Core/Src/main.o
 .debug_ranges  0x0000000000000148       0x40 ./Core/Src/stm32l4xx_hal_msp.o
 .debug_ranges  0x0000000000000188       0x50 ./Core/Src/stm32l4xx_it.o
 .debug_ranges  0x00000000000001d8       0x18 ./Core/Src/system_stm32l4xx.o
 .debug_ranges  0x00000000000001f0       0x18 ./Core/Src/timer4_delay.o
 .debug_ranges  0x0000000000000208       0x20 ./Core/Startup/startup_stm32l4a6zgtx.o
 .debug_ranges  0x0000000000000228      0x120 ./Drivers/STM32L4xx_HAL_Driver/Src/stm32l4xx_hal.o
 .debug_ranges  0x0000000000000348      0x108 ./Drivers/STM32L4xx_HAL_Driver/Src/stm32l4xx_hal_cortex.o
 .debug_ranges  0x0000000000000450       0x48 ./Drivers/STM32L4xx_HAL_Driver/Src/stm32l4xx_hal_gpio.o
 .debug_ranges  0x0000000000000498      0x128 ./Drivers/STM32L4xx_HAL_Driver/Src/stm32l4xx_hal_pcd.o
 .debug_ranges  0x00000000000005c0       0x50 ./Drivers/STM32L4xx_HAL_Driver/Src/stm32l4xx_hal_pcd_ex.o
 .debug_ranges  0x0000000000000610       0x88 ./Drivers/STM32L4xx_HAL_Driver/Src/stm32l4xx_hal_pwr.o
 .debug_ranges  0x0000000000000698      0x140 ./Drivers/STM32L4xx_HAL_Driver/Src/stm32l4xx_hal_pwr_ex.o
 .debug_ranges  0x00000000000007d8       0x80 ./Drivers/STM32L4xx_HAL_Driver/Src/stm32l4xx_hal_rcc.o
 .debug_ranges  0x0000000000000858       0xf8 ./Drivers/STM32L4xx_HAL_Driver/Src/stm32l4xx_hal_rcc_ex.o
 .debug_ranges  0x0000000000000950      0x1c8 ./Drivers/STM32L4xx_HAL_Driver/Src/stm32l4xx_hal_spi.o
 .debug_ranges  0x0000000000000b18      0x248 ./Drivers/STM32L4xx_HAL_Driver/Src/stm32l4xx_hal_uart.o
 .debug_ranges  0x0000000000000d60      0x190 ./Drivers/STM32L4xx_HAL_Driver/Src/stm32l4xx_ll_usb.o

.debug_macro    0x0000000000000000    0x298e5
 .debug_macro   0x0000000000000000      0x224 ./Core/Src/cbus.o
 .debug_macro   0x0000000000000224      0xa78 ./Core/Src/cbus.o
 .debug_macro   0x0000000000000c9c       0x28 ./Core/Src/cbus.o
 .debug_macro   0x0000000000000cc4       0x22 ./Core/Src/cbus.o
 .debug_macro   0x0000000000000ce6       0x8e ./Core/Src/cbus.o
 .debug_macro   0x0000000000000d74       0x51 ./Core/Src/cbus.o
 .debug_macro   0x0000000000000dc5      0x103 ./Core/Src/cbus.o
 .debug_macro   0x0000000000000ec8       0x6a ./Core/Src/cbus.o
 .debug_macro   0x0000000000000f32      0x1df ./Core/Src/cbus.o
 .debug_macro   0x0000000000001111       0x1c ./Core/Src/cbus.o
 .debug_macro   0x000000000000112d       0x22 ./Core/Src/cbus.o
 .debug_macro   0x000000000000114f       0xfb ./Core/Src/cbus.o
 .debug_macro   0x000000000000124a     0x1011 ./Core/Src/cbus.o
 .debug_macro   0x000000000000225b      0x11f ./Core/Src/cbus.o
 .debug_macro   0x000000000000237a    0x1c8bf ./Core/Src/cbus.o
 .debug_macro   0x000000000001ec39       0x2e ./Core/Src/cbus.o
 .debug_macro   0x000000000001ec67       0x6d ./Core/Src/cbus.o
 .debug_macro   0x000000000001ecd4      0x1b3 ./Core/Src/cbus.o
 .debug_macro   0x000000000001ee87     0x38e6 ./Core/Src/cbus.o
 .debug_macro   0x000000000002276d      0x174 ./Core/Src/cbus.o
 .debug_macro   0x00000000000228e1       0x5c ./Core/Src/cbus.o
 .debug_macro   0x000000000002293d     0x1909 ./Core/Src/cbus.o
 .debug_macro   0x0000000000024246      0x773 ./Core/Src/cbus.o
 .debug_macro   0x00000000000249b9      0x1b9 ./Core/Src/cbus.o
 .debug_macro   0x0000000000024b72      0x202 ./Core/Src/cbus.o
 .debug_macro   0x0000000000024d74      0x26b ./Core/Src/cbus.o
 .debug_macro   0x0000000000024fdf      0x23d ./Core/Src/cbus.o
 .debug_macro   0x000000000002521c      0x241 ./Core/Src/cbus.o
 .debug_macro   0x000000000002545d      0x3ad ./Core/Src/cbus.o
 .debug_macro   0x000000000002580a       0xe4 ./Core/Src/cbus.o
 .debug_macro   0x00000000000258ee      0x22c ./Core/Src/cbus.o
 .debug_macro   0x0000000000025b1a       0x61 ./Core/Src/cbus.o
 .debug_macro   0x0000000000025b7b       0xa5 ./Core/Src/cbus.o
 .debug_macro   0x0000000000025c20      0x1f4 ./Core/Src/cbus.o
 .debug_macro   0x0000000000025e14       0x97 ./Core/Src/cbus.o
 .debug_macro   0x0000000000025eab      0x122 ./Core/Src/cbus.o
 .debug_macro   0x0000000000025fcd      0x3ef ./Core/Src/cbus.o
 .debug_macro   0x00000000000263bc      0x2fe ./Core/Src/cbus.o
 .debug_macro   0x00000000000266ba      0x5ba ./Core/Src/cbus.o
 .debug_macro   0x0000000000026c74       0x44 ./Core/Src/cbus.o
 .debug_macro   0x0000000000026cb8      0x433 ./Core/Src/cbus.o
 .debug_macro   0x00000000000270eb       0x22 ./Core/Src/cbus.o
 .debug_macro   0x000000000002710d       0x10 ./Core/Src/cbus.o
 .debug_macro   0x000000000002711d      0x236 ./Core/Src/functional_image_alog.o
 .debug_macro   0x0000000000027353       0x4c ./Core/Src/functional_image_alog.o
 .debug_macro   0x000000000002739f       0xee ./Core/Src/functional_image_alog.o
 .debug_macro   0x000000000002748d      0x23c ./Core/Src/main.o
 .debug_macro   0x00000000000276c9       0xb8 ./Core/Src/main.o
 .debug_macro   0x0000000000027781      0x20d ./Core/Src/stm32l4xx_hal_msp.o
 .debug_macro   0x000000000002798e      0x217 ./Core/Src/stm32l4xx_it.o
 .debug_macro   0x0000000000027ba5      0x1fe ./Core/Src/system_stm32l4xx.o
 .debug_macro   0x0000000000027da3      0x20c ./Core/Src/timer4_delay.o
 .debug_macro   0x0000000000027faf      0x24c ./Drivers/STM32L4xx_HAL_Driver/Src/stm32l4xx_hal.o
 .debug_macro   0x00000000000281fb      0x1fe ./Drivers/STM32L4xx_HAL_Driver/Src/stm32l4xx_hal_cortex.o
 .debug_macro   0x00000000000283f9      0x205 ./Drivers/STM32L4xx_HAL_Driver/Src/stm32l4xx_hal_gpio.o
 .debug_macro   0x00000000000285fe      0x20a ./Drivers/STM32L4xx_HAL_Driver/Src/stm32l4xx_hal_pcd.o
 .debug_macro   0x0000000000028808      0x1fe ./Drivers/STM32L4xx_HAL_Driver/Src/stm32l4xx_hal_pcd_ex.o
 .debug_macro   0x0000000000028a06      0x216 ./Drivers/STM32L4xx_HAL_Driver/Src/stm32l4xx_hal_pwr.o
 .debug_macro   0x0000000000028c1c      0x228 ./Drivers/STM32L4xx_HAL_Driver/Src/stm32l4xx_hal_pwr_ex.o
 .debug_macro   0x0000000000028e44      0x240 ./Drivers/STM32L4xx_HAL_Driver/Src/stm32l4xx_hal_rcc.o
 .debug_macro   0x0000000000029084      0x234 ./Drivers/STM32L4xx_HAL_Driver/Src/stm32l4xx_hal_rcc_ex.o
 .debug_macro   0x00000000000292b8      0x206 ./Drivers/STM32L4xx_HAL_Driver/Src/stm32l4xx_hal_spi.o
 .debug_macro   0x00000000000294be      0x229 ./Drivers/STM32L4xx_HAL_Driver/Src/stm32l4xx_hal_uart.o
 .debug_macro   0x00000000000296e7      0x1fe ./Drivers/STM32L4xx_HAL_Driver/Src/stm32l4xx_ll_usb.o

.debug_line     0x0000000000000000    0x127d9
 .debug_line    0x0000000000000000      0xc62 ./Core/Src/cbus.o
 .debug_line    0x0000000000000c62      0x908 ./Core/Src/functional_image_alog.o
 .debug_line    0x000000000000156a      0x9d9 ./Core/Src/main.o
 .debug_line    0x0000000000001f43      0x883 ./Core/Src/stm32l4xx_hal_msp.o
 .debug_line    0x00000000000027c6      0x7f7 ./Core/Src/stm32l4xx_it.o
 .debug_line    0x0000000000002fbd      0x7cc ./Core/Src/system_stm32l4xx.o
 .debug_line    0x0000000000003789      0x78d ./Core/Src/timer4_delay.o
 .debug_line    0x0000000000003f16       0x88 ./Core/Startup/startup_stm32l4a6zgtx.o
 .debug_line    0x0000000000003f9e      0xb24 ./Drivers/STM32L4xx_HAL_Driver/Src/stm32l4xx_hal.o
 .debug_line    0x0000000000004ac2      0xccb ./Drivers/STM32L4xx_HAL_Driver/Src/stm32l4xx_hal_cortex.o
 .debug_line    0x000000000000578d      0xb80 ./Drivers/STM32L4xx_HAL_Driver/Src/stm32l4xx_hal_gpio.o
 .debug_line    0x000000000000630d     0x1346 ./Drivers/STM32L4xx_HAL_Driver/Src/stm32l4xx_hal_pcd.o
 .debug_line    0x0000000000007653      0x904 ./Drivers/STM32L4xx_HAL_Driver/Src/stm32l4xx_hal_pcd_ex.o
 .debug_line    0x0000000000007f57      0x901 ./Drivers/STM32L4xx_HAL_Driver/Src/stm32l4xx_hal_pwr.o
 .debug_line    0x0000000000008858      0xcf6 ./Drivers/STM32L4xx_HAL_Driver/Src/stm32l4xx_hal_pwr_ex.o
 .debug_line    0x000000000000954e      0xfe6 ./Drivers/STM32L4xx_HAL_Driver/Src/stm32l4xx_hal_rcc.o
 .debug_line    0x000000000000a534     0x172c ./Drivers/STM32L4xx_HAL_Driver/Src/stm32l4xx_hal_rcc_ex.o
 .debug_line    0x000000000000bc60     0x1f5e ./Drivers/STM32L4xx_HAL_Driver/Src/stm32l4xx_hal_spi.o
 .debug_line    0x000000000000dbbe     0x32a2 ./Drivers/STM32L4xx_HAL_Driver/Src/stm32l4xx_hal_uart.o
 .debug_line    0x0000000000010e60     0x1979 ./Drivers/STM32L4xx_HAL_Driver/Src/stm32l4xx_ll_usb.o

.debug_str      0x0000000000000000    0xfb068
 .debug_str     0x0000000000000000    0xf5abf ./Core/Src/cbus.o
                                      0xf5d82 (size before relaxing)
 .debug_str     0x00000000000f5abf      0x5e2 ./Core/Src/functional_image_alog.o
                                      0xf5fdb (size before relaxing)
 .debug_str     0x00000000000f60a1      0xeb6 ./Core/Src/main.o
                                      0xf6f91 (size before relaxing)
 .debug_str     0x00000000000f6f57      0x377 ./Core/Src/stm32l4xx_hal_msp.o
                                      0xf6a22 (size before relaxing)
 .debug_str     0x00000000000f72ce       0xc9 ./Core/Src/stm32l4xx_it.o
                                      0xf5bcb (size before relaxing)
 .debug_str     0x00000000000f7397       0xf2 ./Core/Src/system_stm32l4xx.o
                                      0xf5ab0 (size before relaxing)
 .debug_str     0x00000000000f7489       0x2f ./Core/Src/timer4_delay.o
                                      0xf5a6e (size before relaxing)
 .debug_str     0x00000000000f74b8       0x36 ./Core/Startup/startup_stm32l4a6zgtx.o
                                         0x72 (size before relaxing)
 .debug_str     0x00000000000f74ee      0xaff ./Drivers/STM32L4xx_HAL_Driver/Src/stm32l4xx_hal.o
                                      0xf66c6 (size before relaxing)
 .debug_str     0x00000000000f7fed      0x344 ./Drivers/STM32L4xx_HAL_Driver/Src/stm32l4xx_hal_cortex.o
                                      0xf6367 (size before relaxing)
 .debug_str     0x00000000000f8331      0x123 ./Drivers/STM32L4xx_HAL_Driver/Src/stm32l4xx_hal_gpio.o
                                      0xf5c2a (size before relaxing)
 .debug_str     0x00000000000f8454      0x7fa ./Drivers/STM32L4xx_HAL_Driver/Src/stm32l4xx_hal_pcd.o
                                      0xf6518 (size before relaxing)
 .debug_str     0x00000000000f8c4e      0x174 ./Drivers/STM32L4xx_HAL_Driver/Src/stm32l4xx_hal_pcd_ex.o
                                      0xf5ed5 (size before relaxing)
 .debug_str     0x00000000000f8dc2      0x357 ./Drivers/STM32L4xx_HAL_Driver/Src/stm32l4xx_hal_pwr.o
                                      0xf5e27 (size before relaxing)
 .debug_str     0x00000000000f9119      0x3db ./Drivers/STM32L4xx_HAL_Driver/Src/stm32l4xx_hal_pwr_ex.o
                                      0xf5fff (size before relaxing)
 .debug_str     0x00000000000f94f4      0x38d ./Drivers/STM32L4xx_HAL_Driver/Src/stm32l4xx_hal_rcc.o
                                      0xf60fd (size before relaxing)
 .debug_str     0x00000000000f9881      0x54c ./Drivers/STM32L4xx_HAL_Driver/Src/stm32l4xx_hal_rcc_ex.o
                                      0xf6498 (size before relaxing)
 .debug_str     0x00000000000f9dcd      0x5b1 ./Drivers/STM32L4xx_HAL_Driver/Src/stm32l4xx_hal_spi.o
                                      0xf62c4 (size before relaxing)
 .debug_str     0x00000000000fa37e      0x8a6 ./Drivers/STM32L4xx_HAL_Driver/Src/stm32l4xx_hal_uart.o
                                      0xf67e0 (size before relaxing)
 .debug_str     0x00000000000fac24      0x444 ./Drivers/STM32L4xx_HAL_Driver/Src/stm32l4xx_ll_usb.o
                                      0xf63bc (size before relaxing)

.comment        0x0000000000000000       0x50
 .comment       0x0000000000000000       0x50 ./Core/Src/cbus.o
                                         0x51 (size before relaxing)
 .comment       0x0000000000000050       0x51 ./Core/Src/functional_image_alog.o
 .comment       0x0000000000000050       0x51 ./Core/Src/main.o
 .comment       0x0000000000000050       0x51 ./Core/Src/stm32l4xx_hal_msp.o
 .comment       0x0000000000000050       0x51 ./Core/Src/stm32l4xx_it.o
 .comment       0x0000000000000050       0x51 ./Core/Src/system_stm32l4xx.o
 .comment       0x0000000000000050       0x51 ./Core/Src/timer4_delay.o
 .comment       0x0000000000000050       0x51 ./Drivers/STM32L4xx_HAL_Driver/Src/stm32l4xx_hal.o
 .comment       0x0000000000000050       0x51 ./Drivers/STM32L4xx_HAL_Driver/Src/stm32l4xx_hal_cortex.o
 .comment       0x0000000000000050       0x51 ./Drivers/STM32L4xx_HAL_Driver/Src/stm32l4xx_hal_gpio.o
 .comment       0x0000000000000050       0x51 ./Drivers/STM32L4xx_HAL_Driver/Src/stm32l4xx_hal_pcd.o
 .comment       0x0000000000000050       0x51 ./Drivers/STM32L4xx_HAL_Driver/Src/stm32l4xx_hal_pcd_ex.o
 .comment       0x0000000000000050       0x51 ./Drivers/STM32L4xx_HAL_Driver/Src/stm32l4xx_hal_pwr.o
 .comment       0x0000000000000050       0x51 ./Drivers/STM32L4xx_HAL_Driver/Src/stm32l4xx_hal_pwr_ex.o
 .comment       0x0000000000000050       0x51 ./Drivers/STM32L4xx_HAL_Driver/Src/stm32l4xx_hal_rcc.o
 .comment       0x0000000000000050       0x51 ./Drivers/STM32L4xx_HAL_Driver/Src/stm32l4xx_hal_rcc_ex.o
 .comment       0x0000000000000050       0x51 ./Drivers/STM32L4xx_HAL_Driver/Src/stm32l4xx_hal_spi.o
 .comment       0x0000000000000050       0x51 ./Drivers/STM32L4xx_HAL_Driver/Src/stm32l4xx_hal_uart.o
 .comment       0x0000000000000050       0x51 ./Drivers/STM32L4xx_HAL_Driver/Src/stm32l4xx_ll_usb.o

.debug_frame    0x0000000000000000     0x41d8
 .debug_frame   0x0000000000000000      0x2f4 ./Core/Src/cbus.o
 .debug_frame   0x00000000000002f4       0xf4 ./Core/Src/functional_image_alog.o
 .debug_frame   0x00000000000003e8      0x144 ./Core/Src/main.o
 .debug_frame   0x000000000000052c      0x118 ./Core/Src/stm32l4xx_hal_msp.o
 .debug_frame   0x0000000000000644      0x104 ./Core/Src/stm32l4xx_it.o
 .debug_frame   0x0000000000000748       0x58 ./Core/Src/system_stm32l4xx.o
 .debug_frame   0x00000000000007a0       0x58 ./Core/Src/timer4_delay.o
 .debug_frame   0x00000000000007f8      0x498 ./Drivers/STM32L4xx_HAL_Driver/Src/stm32l4xx_hal.o
 .debug_frame   0x0000000000000c90      0x498 ./Drivers/STM32L4xx_HAL_Driver/Src/stm32l4xx_hal_cortex.o
 .debug_frame   0x0000000000001128      0x14c ./Drivers/STM32L4xx_HAL_Driver/Src/stm32l4xx_hal_gpio.o
 .debug_frame   0x0000000000001274      0x568 ./Drivers/STM32L4xx_HAL_Driver/Src/stm32l4xx_hal_pcd.o
 .debug_frame   0x00000000000017dc      0x174 ./Drivers/STM32L4xx_HAL_Driver/Src/stm32l4xx_hal_pcd_ex.o
 .debug_frame   0x0000000000001950      0x230 ./Drivers/STM32L4xx_HAL_Driver/Src/stm32l4xx_hal_pwr.o
 .debug_frame   0x0000000000001b80      0x544 ./Drivers/STM32L4xx_HAL_Driver/Src/stm32l4xx_hal_pwr_ex.o
 .debug_frame   0x00000000000020c4      0x21c ./Drivers/STM32L4xx_HAL_Driver/Src/stm32l4xx_hal_rcc.o
 .debug_frame   0x00000000000022e0      0x43c ./Drivers/STM32L4xx_HAL_Driver/Src/stm32l4xx_hal_rcc_ex.o
 .debug_frame   0x000000000000271c      0x860 ./Drivers/STM32L4xx_HAL_Driver/Src/stm32l4xx_hal_spi.o
 .debug_frame   0x0000000000002f7c      0x9f4 ./Drivers/STM32L4xx_HAL_Driver/Src/stm32l4xx_hal_uart.o
 .debug_frame   0x0000000000003970      0x7bc ./Drivers/STM32L4xx_HAL_Driver/Src/stm32l4xx_ll_usb.o
 .debug_frame   0x000000000000412c       0x2c c:/st/stm32cubeide_1.10.1/stm32cubeide/plugins/com.st.stm32cube.ide.mcu.externaltools.gnu-tools-for-stm32.10.3-2021.10.win32_1.0.0.202111181127/tools/bin/../lib/gcc/arm-none-eabi/10.3.1/../../../../arm-none-eabi/lib/thumb/v7e-m+fp/hard\libc_nano.a(lib_a-init.o)
 .debug_frame   0x0000000000004158       0x20 c:/st/stm32cubeide_1.10.1/stm32cubeide/plugins/com.st.stm32cube.ide.mcu.externaltools.gnu-tools-for-stm32.10.3-2021.10.win32_1.0.0.202111181127/tools/bin/../lib/gcc/arm-none-eabi/10.3.1/../../../../arm-none-eabi/lib/thumb/v7e-m+fp/hard\libc_nano.a(lib_a-memset.o)
 .debug_frame   0x0000000000004178       0x2c c:/st/stm32cubeide_1.10.1/stm32cubeide/plugins/com.st.stm32cube.ide.mcu.externaltools.gnu-tools-for-stm32.10.3-2021.10.win32_1.0.0.202111181127/tools/bin/../lib/gcc/arm-none-eabi/10.3.1/thumb/v7e-m+fp/hard\libgcc.a(_aeabi_uldivmod.o)
 .debug_frame   0x00000000000041a4       0x34 c:/st/stm32cubeide_1.10.1/stm32cubeide/plugins/com.st.stm32cube.ide.mcu.externaltools.gnu-tools-for-stm32.10.3-2021.10.win32_1.0.0.202111181127/tools/bin/../lib/gcc/arm-none-eabi/10.3.1/thumb/v7e-m+fp/hard\libgcc.a(_udivmoddi4.o)
