../Core/Inc/cbus.h:55:26:CBUS_BUSY	16	static
../Core/Inc/cbus.h:59:26:CBUS_RX_FIFO_NOT_EMPTY_CHECK	16	static
../Core/Inc/cbus.h:73:20:CBUS_SendFrame	16	static
../Core/Inc/cbus.h:83:26:CBUS_TX_BUFFER_EMPTY_CHECK	16	static
../Core/Inc/cbus.h:88:24:swap_uint16	16	static
../Core/Src/cbus.c:13:6:CBUS_INIT	8	static
../Core/Src/cbus.c:24:6:enable_clock_gpio_spi	4	static
../Core/Src/cbus.c:30:6:set_cbus_pins	4	static
../Core/Src/cbus.c:95:6:set_spi_portg_alternate_fun6	4	static
../Core/Src/cbus.c:107:6:CBUS_CHIP_SElECT_LOW	4	static
../Core/Src/cbus.c:112:6:CBUS_CHIP_SElECT_HIGH	8	static
../Core/Src/cbus.c:118:6:CBUS_CHIP_SElECT_OUPUT_CODEC_LOW	4	static
../Core/Src/cbus.c:122:6:CBUS_CHIP_SElECT_OUPUT_CODEC_HIGH	8	static
../Core/Src/cbus.c:128:6:Cbus_Config	16	static
../Core/Src/cbus.c:161:6:Cbus_Write_no_data	16	static
../Core/Src/cbus.c:168:6:CbusWriteRegister	24	static,ignoring_inline_asm
../Core/Src/cbus.c:191:6:Cbus_Write_Word_stream	32	static,ignoring_inline_asm
../Core/Src/cbus.c:227:6:Cbus_Read_Word_stream	56	static,ignoring_inline_asm
../Core/Src/cbus.c:307:9:Cbus_Read_Byte	24	static,ignoring_inline_asm
../Core/Src/cbus.c:328:10:CBUS_READ_TWO_WORDS	24	static,ignoring_inline_asm
../Core/Src/cbus.c:355:10:CBUS_ReceiveFrame	16	static
