../Core/Inc/cbus.h:55:26:CBUS_BUSY	16	static
../Core/Inc/cbus.h:59:26:CBUS_RX_FIFO_NOT_EMPTY_CHECK	16	static
../Core/Inc/cbus.h:63:24:CBUS_ReceiveFrame	24	static
../Core/Inc/cbus.h:72:20:CBUS_SendFrame	16	static
../Core/Inc/cbus.h:82:26:CBUS_TX_BUFFER_EMPTY_CHECK	16	static
../Core/Inc/cbus.h:87:24:swap_uint16	16	static
../Core/Src/cbus.c:10:6:enable_clock_gpio_spi	4	static
../Core/Src/cbus.c:16:6:set_cbus_pins	4	static
../Core/Src/cbus.c:78:6:set_spi_portg_alternate_fun6	4	static
../Core/Src/cbus.c:88:6:CBUS_INIT	8	static
../Core/Src/cbus.c:98:6:CBUS_CHIP_SElECT_LOW	4	static
../Core/Src/cbus.c:102:6:CBUS_CHIP_SElECT_HIGH	4	static
../Core/Src/cbus.c:106:6:CBUS_CHIP_SElECT_OUPUT_CODEC_LOW	4	static
../Core/Src/cbus.c:110:6:CBUS_CHIP_SElECT_OUPUT_CODEC_HIGH	4	static
../Core/Src/cbus.c:115:6:Cbus_Config	16	static
../Core/Src/cbus.c:148:6:Cbus_Write_no_data	16	static
../Core/Src/cbus.c:155:6:CbusWriteRegister	24	static,ignoring_inline_asm
../Core/Src/cbus.c:178:6:Cbus_Write_Word_stream	32	static,ignoring_inline_asm
../Core/Src/cbus.c:214:6:Cbus_Read_Word_stream	56	static,ignoring_inline_asm
../Core/Src/cbus.c:294:9:Cbus_Read_Byte	24	static,ignoring_inline_asm
../Core/Src/cbus.c:317:10:CBUS_READ_TWO_WORDS	24	static,ignoring_inline_asm
../Core/Src/cbus.c:348:10:Cbus_Read_Word	16	static
