../Core/Inc/cbus.h:93:20:CBUS_ENABLE	16	static
../Core/Src/main.c:78:5:main	16	static
../Core/Src/main.c:207:6:SystemClock_Config	96	static
../Core/Src/main.c:269:13:MX_LPUART1_UART_Init	8	static
../Core/Src/main.c:303:13:MX_SPI1_Init	8	static
../Core/Src/main.c:343:13:MX_USB_OTG_FS_PCD_Init	8	static
../Core/Src/main.c:378:13:MX_GPIO_Init	48	static
../Core/Src/main.c:425:6:CODEC1_REG_SET	8	static
../Core/Src/main.c:465:6:OUTPUT_CODEC_RED_SET	8	static
../Core/Src/main.c:509:6:Error_Handler	4	static,ignoring_inline_asm
