../Core/Inc/cbus.h:93:20:CBUS_ENABLE	16	static
../Core/Src/main.c:78:5:main	16	static
../Core/Src/main.c:208:6:SystemClock_Config	96	static
../Core/Src/main.c:270:13:MX_LPUART1_UART_Init	8	static
../Core/Src/main.c:304:13:MX_SPI1_Init	8	static
../Core/Src/main.c:344:13:MX_USB_OTG_FS_PCD_Init	8	static
../Core/Src/main.c:379:13:MX_GPIO_Init	48	static
../Core/Src/main.c:426:6:CODEC1_REG_SET	8	static
../Core/Src/main.c:466:6:OUTPUT_CODEC_RED_SET	8	static
../Core/Src/main.c:510:6:Error_Handler	4	static,ignoring_inline_asm
